                                      1 ;--------------------------------------------------------
                                      2 ; File Created by SDCC : free open source ANSI-C Compiler
                                      3 ; Version 4.1.6 #12539 (MINGW32)
                                      4 ;--------------------------------------------------------
                                      5 	.module main
                                      6 	.optsdcc -mgbz80
                                      7 	
                                      8 ;--------------------------------------------------------
                                      9 ; Public variables in this module
                                     10 ;--------------------------------------------------------
                                     11 	.globl _main
                                     12 	.globl _set_bkg_tiles
                                     13 	.globl _set_bkg_data
                                     14 	.globl _joypad
                                     15 	.globl _delay
                                     16 	.globl _length
                                     17 	.globl _music
                                     18 	.globl _frequencies
                                     19 	.globl _RICKMAP
                                     20 	.globl _RICKTILES
                                     21 ;--------------------------------------------------------
                                     22 ; special function registers
                                     23 ;--------------------------------------------------------
                                     24 ;--------------------------------------------------------
                                     25 ; ram data
                                     26 ;--------------------------------------------------------
                                     27 	.area _DATA
                                     28 ;--------------------------------------------------------
                                     29 ; ram data
                                     30 ;--------------------------------------------------------
                                     31 	.area _INITIALIZED
                                     32 ;--------------------------------------------------------
                                     33 ; absolute external ram data
                                     34 ;--------------------------------------------------------
                                     35 	.area _DABS (ABS)
                                     36 ;--------------------------------------------------------
                                     37 ; global & static initialisations
                                     38 ;--------------------------------------------------------
                                     39 	.area _HOME
                                     40 	.area _GSINIT
                                     41 	.area _GSFINAL
                                     42 	.area _GSINIT
                                     43 ;--------------------------------------------------------
                                     44 ; Home
                                     45 ;--------------------------------------------------------
                                     46 	.area _HOME
                                     47 	.area _HOME
                                     48 ;--------------------------------------------------------
                                     49 ; code
                                     50 ;--------------------------------------------------------
                                     51 	.area _CODE
                                     52 ;main.c:45: void main() {
                                     53 ;	---------------------------------
                                     54 ; Function main
                                     55 ; ---------------------------------
      000000                         56 _main::
                                     57 ;main.c:48: NR52_REG = 0x80;
      000000 3E 80                   58 	ld	a, #0x80
      000002 E0r00                   59 	ldh	(_NR52_REG + 0), a
                                     60 ;main.c:50: NR50_REG = 0x77;
      000004 3E 77                   61 	ld	a, #0x77
      000006 E0r00                   62 	ldh	(_NR50_REG + 0), a
                                     63 ;main.c:52: NR51_REG = 0xFF;
      000008 3E FF                   64 	ld	a, #0xff
      00000A E0r00                   65 	ldh	(_NR51_REG + 0), a
                                     66 ;main.c:57: DISPLAY_ON;						
      00000C F0r00                   67 	ldh	a, (_LCDC_REG + 0)
      00000E F6 80                   68 	or	a, #0x80
      000010 E0r00                   69 	ldh	(_LCDC_REG + 0), a
                                     70 ;main.c:59: set_bkg_data(0, 128, RICKTILES);
      000012 11r8Br00                71 	ld	de, #_RICKTILES
      000015 D5                      72 	push	de
      000016 21 00 80                73 	ld	hl, #0x8000
      000019 E5                      74 	push	hl
      00001A CDr00r00                75 	call	_set_bkg_data
      00001D E8 04                   76 	add	sp, #4
                                     77 ;main.c:62: set_bkg_tiles(4,8,12,12,RICKMAP);
      00001F 11rDBr04                78 	ld	de, #_RICKMAP
      000022 D5                      79 	push	de
      000023 21 0C 0C                80 	ld	hl, #0xc0c
      000026 E5                      81 	push	hl
      000027 21 04 08                82 	ld	hl, #0x804
      00002A E5                      83 	push	hl
      00002B CDr00r00                84 	call	_set_bkg_tiles
      00002E E8 06                   85 	add	sp, #6
                                     86 ;main.c:64: SHOW_BKG;
      000030 F0r00                   87 	ldh	a, (_LCDC_REG + 0)
      000032 F6 01                   88 	or	a, #0x01
      000034 E0r00                   89 	ldh	(_LCDC_REG + 0), a
                                     90 ;main.c:67: int note = 0;
      000036 01 00 00                91 	ld	bc, #0x0000
                                     92 ;main.c:68: while(1) {
      000039                         93 00109$:
                                     94 ;main.c:70: UBYTE joypad_state = joypad();
      000039 CDr00r00                95 	call	_joypad
      00003C 7B                      96 	ld	a, e
                                     97 ;main.c:72: if(joypad_state) {
      00003D B7                      98 	or	a, a
      00003E 28 F9                   99 	jr	Z, 00109$
                                    100 ;main.c:74: while (music[note] != END) {
      000040                        101 00101$:
      000040 21rFBr05               102 	ld	hl, #_music
      000043 09                     103 	add	hl, bc
      000044 6E                     104 	ld	l, (hl)
                                    105 ;	spillPairReg hl
      000045 7D                     106 	ld	a, l
      000046 D6 49                  107 	sub	a, #0x49
      000048 3E 01                  108 	ld	a, #0x01
      00004A 28 01                  109 	jr	Z, 00139$
      00004C AF                     110 	xor	a, a
      00004D                        111 00139$:
                                    112 ;main.c:76: uint16_t value = frequencies[music[note]];
      00004D B7                     113 	or	a,a
      00004E 20 33                  114 	jr	NZ, 00117$
      000050 67                     115 	ld	h,a
                                    116 ;	spillPairReg hl
                                    117 ;	spillPairReg hl
      000051 29                     118 	add	hl, hl
      000052 11r6Br05               119 	ld	de, #_frequencies
      000055 19                     120 	add	hl, de
      000056 2A                     121 	ld	a,	(hl+)
      000057 66                     122 	ld	h, (hl)
                                    123 ;	spillPairReg hl
      000058 6F                     124 	ld	l, a
                                    125 ;	spillPairReg hl
                                    126 ;	spillPairReg hl
                                    127 ;main.c:87: NR10_REG = 0x00;
      000059 AF                     128 	xor	a, a
      00005A E0r00                  129 	ldh	(_NR10_REG + 0), a
                                    130 ;main.c:96: NR11_REG = 0xB8;
      00005C 3E B8                  131 	ld	a, #0xb8
      00005E E0r00                  132 	ldh	(_NR11_REG + 0), a
                                    133 ;main.c:107: NR12_REG = 0xF6;
      000060 3E F6                  134 	ld	a, #0xf6
      000062 E0r00                  135 	ldh	(_NR12_REG + 0), a
                                    136 ;main.c:117: NR13_REG = (uint8_t) value;
      000064 E5                     137 	push	hl
      000065 7D                     138 	ld	a, l
      000066 E0r00                  139 	ldh	(_NR13_REG + 0), a
      000068 E1                     140 	pop	hl
                                    141 ;main.c:129: NR14_REG = 0x80 + (value >> 8);
      000069 7C                     142 	ld	a, h
      00006A C6 80                  143 	add	a, #0x80
      00006C E0r00                  144 	ldh	(_NR14_REG + 0), a
                                    145 ;main.c:132: delay(length[note]);
      00006E 69                     146 	ld	l, c
      00006F 60                     147 	ld	h, b
      000070 29                     148 	add	hl, hl
      000071 29                     149 	add	hl, hl
      000072 11r17r06               150 	ld	de, #_length
      000075 19                     151 	add	hl, de
      000076 2A                     152 	ld	a,	(hl+)
      000077 66                     153 	ld	h, (hl)
                                    154 ;	spillPairReg hl
      000078 6F                     155 	ld	l, a
                                    156 ;	spillPairReg hl
                                    157 ;	spillPairReg hl
      000079 C5                     158 	push	bc
      00007A E5                     159 	push	hl
      00007B CDr00r00               160 	call	_delay
      00007E E1                     161 	pop	hl
      00007F C1                     162 	pop	bc
                                    163 ;main.c:135: note ++;
      000080 03                     164 	inc	bc
      000081 18 BD                  165 	jr	00101$
      000083                        166 00117$:
                                    167 ;main.c:138: if(music[note] == END) {
      000083 B7                     168 	or	a, a
      000084 28 B3                  169 	jr	Z, 00109$
                                    170 ;main.c:139: note = 0;
      000086 01 00 00               171 	ld	bc, #0x0000
                                    172 ;main.c:143: }
      000089 18 AE                  173 	jr	00109$
      00008B                        174 _RICKTILES:
      00008B 00                     175 	.db #0x00	; 0
      00008C 00                     176 	.db #0x00	; 0
      00008D 00                     177 	.db #0x00	; 0
      00008E 00                     178 	.db #0x00	; 0
      00008F 00                     179 	.db #0x00	; 0
      000090 00                     180 	.db #0x00	; 0
      000091 00                     181 	.db #0x00	; 0
      000092 00                     182 	.db #0x00	; 0
      000093 00                     183 	.db #0x00	; 0
      000094 00                     184 	.db #0x00	; 0
      000095 00                     185 	.db #0x00	; 0
      000096 00                     186 	.db #0x00	; 0
      000097 00                     187 	.db #0x00	; 0
      000098 00                     188 	.db #0x00	; 0
      000099 00                     189 	.db #0x00	; 0
      00009A 00                     190 	.db #0x00	; 0
      00009B 00                     191 	.db #0x00	; 0
      00009C 00                     192 	.db #0x00	; 0
      00009D 03                     193 	.db #0x03	; 3
      00009E 00                     194 	.db #0x00	; 0
      00009F 07                     195 	.db #0x07	; 7
      0000A0 00                     196 	.db #0x00	; 0
      0000A1 1F                     197 	.db #0x1f	; 31
      0000A2 00                     198 	.db #0x00	; 0
      0000A3 17                     199 	.db #0x17	; 23
      0000A4 00                     200 	.db #0x00	; 0
      0000A5 3E                     201 	.db #0x3e	; 62
      0000A6 01                     202 	.db #0x01	; 1
      0000A7 3B                     203 	.db #0x3b	; 59
      0000A8 00                     204 	.db #0x00	; 0
      0000A9 3E                     205 	.db #0x3e	; 62
      0000AA 01                     206 	.db #0x01	; 1
      0000AB 78                     207 	.db #0x78	; 120	'x'
      0000AC 00                     208 	.db #0x00	; 0
      0000AD D9                     209 	.db #0xd9	; 217
      0000AE 00                     210 	.db #0x00	; 0
      0000AF 3B                     211 	.db #0x3b	; 59
      0000B0 00                     212 	.db #0x00	; 0
      0000B1 EE                     213 	.db #0xee	; 238
      0000B2 01                     214 	.db #0x01	; 1
      0000B3 FF                     215 	.db #0xff	; 255
      0000B4 00                     216 	.db #0x00	; 0
      0000B5 17                     217 	.db #0x17	; 23
      0000B6 E8                     218 	.db #0xe8	; 232
      0000B7 01                     219 	.db #0x01	; 1
      0000B8 FE                     220 	.db #0xfe	; 254
      0000B9 00                     221 	.db #0x00	; 0
      0000BA FF                     222 	.db #0xff	; 255
      0000BB 00                     223 	.db #0x00	; 0
      0000BC 00                     224 	.db #0x00	; 0
      0000BD F8                     225 	.db #0xf8	; 248
      0000BE 00                     226 	.db #0x00	; 0
      0000BF F6                     227 	.db #0xf6	; 246
      0000C0 00                     228 	.db #0x00	; 0
      0000C1 0E                     229 	.db #0x0e	; 14
      0000C2 F0                     230 	.db #0xf0	; 240
      0000C3 AF                     231 	.db #0xaf	; 175
      0000C4 50                     232 	.db #0x50	; 80	'P'
      0000C5 D7                     233 	.db #0xd7	; 215
      0000C6 28                     234 	.db #0x28	; 40
      0000C7 83                     235 	.db #0x83	; 131
      0000C8 7C                     236 	.db #0x7c	; 124
      0000C9 81                     237 	.db #0x81	; 129
      0000CA 7E                     238 	.db #0x7e	; 126
      0000CB 00                     239 	.db #0x00	; 0
      0000CC 00                     240 	.db #0x00	; 0
      0000CD 00                     241 	.db #0x00	; 0
      0000CE 00                     242 	.db #0x00	; 0
      0000CF 00                     243 	.db #0x00	; 0
      0000D0 00                     244 	.db #0x00	; 0
      0000D1 80                     245 	.db #0x80	; 128
      0000D2 00                     246 	.db #0x00	; 0
      0000D3 40                     247 	.db #0x40	; 64
      0000D4 00                     248 	.db #0x00	; 0
      0000D5 A0                     249 	.db #0xa0	; 160
      0000D6 00                     250 	.db #0x00	; 0
      0000D7 E0                     251 	.db #0xe0	; 224
      0000D8 00                     252 	.db #0x00	; 0
      0000D9 A0                     253 	.db #0xa0	; 160
      0000DA 40                     254 	.db #0x40	; 64
      0000DB 00                     255 	.db #0x00	; 0
      0000DC 00                     256 	.db #0x00	; 0
      0000DD 00                     257 	.db #0x00	; 0
      0000DE 00                     258 	.db #0x00	; 0
      0000DF 01                     259 	.db #0x01	; 1
      0000E0 00                     260 	.db #0x00	; 0
      0000E1 01                     261 	.db #0x01	; 1
      0000E2 00                     262 	.db #0x00	; 0
      0000E3 01                     263 	.db #0x01	; 1
      0000E4 00                     264 	.db #0x00	; 0
      0000E5 01                     265 	.db #0x01	; 1
      0000E6 00                     266 	.db #0x00	; 0
      0000E7 01                     267 	.db #0x01	; 1
      0000E8 00                     268 	.db #0x00	; 0
      0000E9 01                     269 	.db #0x01	; 1
      0000EA 00                     270 	.db #0x00	; 0
      0000EB 7E                     271 	.db #0x7e	; 126
      0000EC 01                     272 	.db #0x01	; 1
      0000ED BE                     273 	.db #0xbe	; 190
      0000EE 01                     274 	.db #0x01	; 1
      0000EF FE                     275 	.db #0xfe	; 254
      0000F0 01                     276 	.db #0x01	; 1
      0000F1 BF                     277 	.db #0xbf	; 191
      0000F2 00                     278 	.db #0x00	; 0
      0000F3 0F                     279 	.db #0x0f	; 15
      0000F4 00                     280 	.db #0x00	; 0
      0000F5 FF                     281 	.db #0xff	; 255
      0000F6 00                     282 	.db #0x00	; 0
      0000F7 7F                     283 	.db #0x7f	; 127
      0000F8 00                     284 	.db #0x00	; 0
      0000F9 7F                     285 	.db #0x7f	; 127
      0000FA 00                     286 	.db #0x00	; 0
      0000FB 00                     287 	.db #0x00	; 0
      0000FC FF                     288 	.db #0xff	; 255
      0000FD 00                     289 	.db #0x00	; 0
      0000FE FF                     290 	.db #0xff	; 255
      0000FF 00                     291 	.db #0x00	; 0
      000100 FF                     292 	.db #0xff	; 255
      000101 C0                     293 	.db #0xc0	; 192
      000102 3F                     294 	.db #0x3f	; 63
      000103 FF                     295 	.db #0xff	; 255
      000104 00                     296 	.db #0x00	; 0
      000105 FF                     297 	.db #0xff	; 255
      000106 00                     298 	.db #0x00	; 0
      000107 FF                     299 	.db #0xff	; 255
      000108 00                     300 	.db #0x00	; 0
      000109 FF                     301 	.db #0xff	; 255
      00010A 00                     302 	.db #0x00	; 0
      00010B 01                     303 	.db #0x01	; 1
      00010C FE                     304 	.db #0xfe	; 254
      00010D 01                     305 	.db #0x01	; 1
      00010E FE                     306 	.db #0xfe	; 254
      00010F 12                     307 	.db #0x12	; 18
      000110 ED                     308 	.db #0xed	; 237
      000111 02                     309 	.db #0x02	; 2
      000112 FD                     310 	.db #0xfd	; 253
      000113 F6                     311 	.db #0xf6	; 246
      000114 09                     312 	.db #0x09	; 9
      000115 FF                     313 	.db #0xff	; 255
      000116 00                     314 	.db #0x00	; 0
      000117 FF                     315 	.db #0xff	; 255
      000118 00                     316 	.db #0x00	; 0
      000119 FF                     317 	.db #0xff	; 255
      00011A 00                     318 	.db #0x00	; 0
      00011B F0                     319 	.db #0xf0	; 240
      00011C 00                     320 	.db #0x00	; 0
      00011D F0                     321 	.db #0xf0	; 240
      00011E 00                     322 	.db #0x00	; 0
      00011F 38                     323 	.db #0x38	; 56	'8'
      000120 C0                     324 	.db #0xc0	; 192
      000121 18                     325 	.db #0x18	; 24
      000122 E0                     326 	.db #0xe0	; 224
      000123 1C                     327 	.db #0x1c	; 28
      000124 E0                     328 	.db #0xe0	; 224
      000125 18                     329 	.db #0x18	; 24
      000126 E0                     330 	.db #0xe0	; 224
      000127 98                     331 	.db #0x98	; 152
      000128 60                     332 	.db #0x60	; 96
      000129 D8                     333 	.db #0xd8	; 216
      00012A 20                     334 	.db #0x20	; 32
      00012B 00                     335 	.db #0x00	; 0
      00012C 00                     336 	.db #0x00	; 0
      00012D 01                     337 	.db #0x01	; 1
      00012E 00                     338 	.db #0x00	; 0
      00012F 01                     339 	.db #0x01	; 1
      000130 00                     340 	.db #0x00	; 0
      000131 01                     341 	.db #0x01	; 1
      000132 00                     342 	.db #0x00	; 0
      000133 01                     343 	.db #0x01	; 1
      000134 00                     344 	.db #0x00	; 0
      000135 01                     345 	.db #0x01	; 1
      000136 00                     346 	.db #0x00	; 0
      000137 01                     347 	.db #0x01	; 1
      000138 00                     348 	.db #0x00	; 0
      000139 01                     349 	.db #0x01	; 1
      00013A 00                     350 	.db #0x00	; 0
      00013B FF                     351 	.db #0xff	; 255
      00013C 00                     352 	.db #0x00	; 0
      00013D FF                     353 	.db #0xff	; 255
      00013E 00                     354 	.db #0x00	; 0
      00013F FF                     355 	.db #0xff	; 255
      000140 00                     356 	.db #0x00	; 0
      000141 F7                     357 	.db #0xf7	; 247
      000142 00                     358 	.db #0x00	; 0
      000143 EF                     359 	.db #0xef	; 239
      000144 00                     360 	.db #0x00	; 0
      000145 EF                     361 	.db #0xef	; 239
      000146 00                     362 	.db #0x00	; 0
      000147 FE                     363 	.db #0xfe	; 254
      000148 01                     364 	.db #0x01	; 1
      000149 DE                     365 	.db #0xde	; 222
      00014A 01                     366 	.db #0x01	; 1
      00014B FF                     367 	.db #0xff	; 255
      00014C 00                     368 	.db #0x00	; 0
      00014D FF                     369 	.db #0xff	; 255
      00014E 00                     370 	.db #0x00	; 0
      00014F FF                     371 	.db #0xff	; 255
      000150 00                     372 	.db #0x00	; 0
      000151 FF                     373 	.db #0xff	; 255
      000152 00                     374 	.db #0x00	; 0
      000153 7F                     375 	.db #0x7f	; 127
      000154 80                     376 	.db #0x80	; 128
      000155 FF                     377 	.db #0xff	; 255
      000156 00                     378 	.db #0x00	; 0
      000157 7F                     379 	.db #0x7f	; 127
      000158 80                     380 	.db #0x80	; 128
      000159 FF                     381 	.db #0xff	; 255
      00015A 00                     382 	.db #0x00	; 0
      00015B FF                     383 	.db #0xff	; 255
      00015C 00                     384 	.db #0x00	; 0
      00015D FF                     385 	.db #0xff	; 255
      00015E 00                     386 	.db #0x00	; 0
      00015F FF                     387 	.db #0xff	; 255
      000160 00                     388 	.db #0x00	; 0
      000161 FF                     389 	.db #0xff	; 255
      000162 00                     390 	.db #0x00	; 0
      000163 FF                     391 	.db #0xff	; 255
      000164 00                     392 	.db #0x00	; 0
      000165 FF                     393 	.db #0xff	; 255
      000166 00                     394 	.db #0x00	; 0
      000167 FF                     395 	.db #0xff	; 255
      000168 00                     396 	.db #0x00	; 0
      000169 FF                     397 	.db #0xff	; 255
      00016A 00                     398 	.db #0x00	; 0
      00016B D8                     399 	.db #0xd8	; 216
      00016C 20                     400 	.db #0x20	; 32
      00016D F8                     401 	.db #0xf8	; 248
      00016E 00                     402 	.db #0x00	; 0
      00016F F8                     403 	.db #0xf8	; 248
      000170 00                     404 	.db #0x00	; 0
      000171 F8                     405 	.db #0xf8	; 248
      000172 00                     406 	.db #0x00	; 0
      000173 F8                     407 	.db #0xf8	; 248
      000174 00                     408 	.db #0x00	; 0
      000175 F8                     409 	.db #0xf8	; 248
      000176 00                     410 	.db #0x00	; 0
      000177 F0                     411 	.db #0xf0	; 240
      000178 00                     412 	.db #0x00	; 0
      000179 F0                     413 	.db #0xf0	; 240
      00017A 00                     414 	.db #0x00	; 0
      00017B 06                     415 	.db #0x06	; 6
      00017C 00                     416 	.db #0x00	; 0
      00017D 07                     417 	.db #0x07	; 7
      00017E 00                     418 	.db #0x00	; 0
      00017F 05                     419 	.db #0x05	; 5
      000180 00                     420 	.db #0x00	; 0
      000181 01                     421 	.db #0x01	; 1
      000182 00                     422 	.db #0x00	; 0
      000183 03                     423 	.db #0x03	; 3
      000184 00                     424 	.db #0x00	; 0
      000185 01                     425 	.db #0x01	; 1
      000186 00                     426 	.db #0x00	; 0
      000187 01                     427 	.db #0x01	; 1
      000188 00                     428 	.db #0x00	; 0
      000189 01                     429 	.db #0x01	; 1
      00018A 00                     430 	.db #0x00	; 0
      00018B FF                     431 	.db #0xff	; 255
      00018C 00                     432 	.db #0x00	; 0
      00018D 7F                     433 	.db #0x7f	; 127
      00018E 00                     434 	.db #0x00	; 0
      00018F 7F                     435 	.db #0x7f	; 127
      000190 00                     436 	.db #0x00	; 0
      000191 7F                     437 	.db #0x7f	; 127
      000192 00                     438 	.db #0x00	; 0
      000193 FF                     439 	.db #0xff	; 255
      000194 00                     440 	.db #0x00	; 0
      000195 BF                     441 	.db #0xbf	; 191
      000196 00                     442 	.db #0x00	; 0
      000197 BF                     443 	.db #0xbf	; 191
      000198 00                     444 	.db #0x00	; 0
      000199 BF                     445 	.db #0xbf	; 191
      00019A 00                     446 	.db #0x00	; 0
      00019B F7                     447 	.db #0xf7	; 247
      00019C 08                     448 	.db #0x08	; 8
      00019D FF                     449 	.db #0xff	; 255
      00019E 00                     450 	.db #0x00	; 0
      00019F FF                     451 	.db #0xff	; 255
      0001A0 00                     452 	.db #0x00	; 0
      0001A1 FF                     453 	.db #0xff	; 255
      0001A2 00                     454 	.db #0x00	; 0
      0001A3 FF                     455 	.db #0xff	; 255
      0001A4 00                     456 	.db #0x00	; 0
      0001A5 FF                     457 	.db #0xff	; 255
      0001A6 00                     458 	.db #0x00	; 0
      0001A7 FF                     459 	.db #0xff	; 255
      0001A8 00                     460 	.db #0x00	; 0
      0001A9 FF                     461 	.db #0xff	; 255
      0001AA 00                     462 	.db #0x00	; 0
      0001AB E0                     463 	.db #0xe0	; 224
      0001AC 00                     464 	.db #0x00	; 0
      0001AD E0                     465 	.db #0xe0	; 224
      0001AE 00                     466 	.db #0x00	; 0
      0001AF C0                     467 	.db #0xc0	; 192
      0001B0 00                     468 	.db #0x00	; 0
      0001B1 E0                     469 	.db #0xe0	; 224
      0001B2 00                     470 	.db #0x00	; 0
      0001B3 E0                     471 	.db #0xe0	; 224
      0001B4 00                     472 	.db #0x00	; 0
      0001B5 E0                     473 	.db #0xe0	; 224
      0001B6 00                     474 	.db #0x00	; 0
      0001B7 E0                     475 	.db #0xe0	; 224
      0001B8 00                     476 	.db #0x00	; 0
      0001B9 C0                     477 	.db #0xc0	; 192
      0001BA 00                     478 	.db #0x00	; 0
      0001BB BF                     479 	.db #0xbf	; 191
      0001BC 00                     480 	.db #0x00	; 0
      0001BD 3F                     481 	.db #0x3f	; 63
      0001BE 00                     482 	.db #0x00	; 0
      0001BF 3F                     483 	.db #0x3f	; 63
      0001C0 00                     484 	.db #0x00	; 0
      0001C1 3F                     485 	.db #0x3f	; 63
      0001C2 00                     486 	.db #0x00	; 0
      0001C3 3F                     487 	.db #0x3f	; 63
      0001C4 00                     488 	.db #0x00	; 0
      0001C5 3F                     489 	.db #0x3f	; 63
      0001C6 00                     490 	.db #0x00	; 0
      0001C7 3F                     491 	.db #0x3f	; 63
      0001C8 00                     492 	.db #0x00	; 0
      0001C9 3F                     493 	.db #0x3f	; 63
      0001CA 00                     494 	.db #0x00	; 0
      0001CB FF                     495 	.db #0xff	; 255
      0001CC 00                     496 	.db #0x00	; 0
      0001CD FF                     497 	.db #0xff	; 255
      0001CE 00                     498 	.db #0x00	; 0
      0001CF FF                     499 	.db #0xff	; 255
      0001D0 00                     500 	.db #0x00	; 0
      0001D1 FC                     501 	.db #0xfc	; 252
      0001D2 00                     502 	.db #0x00	; 0
      0001D3 FC                     503 	.db #0xfc	; 252
      0001D4 00                     504 	.db #0x00	; 0
      0001D5 F8                     505 	.db #0xf8	; 248
      0001D6 00                     506 	.db #0x00	; 0
      0001D7 F8                     507 	.db #0xf8	; 248
      0001D8 00                     508 	.db #0x00	; 0
      0001D9 F8                     509 	.db #0xf8	; 248
      0001DA 00                     510 	.db #0x00	; 0
      0001DB C0                     511 	.db #0xc0	; 192
      0001DC 00                     512 	.db #0x00	; 0
      0001DD C0                     513 	.db #0xc0	; 192
      0001DE 00                     514 	.db #0x00	; 0
      0001DF 00                     515 	.db #0x00	; 0
      0001E0 00                     516 	.db #0x00	; 0
      0001E1 00                     517 	.db #0x00	; 0
      0001E2 00                     518 	.db #0x00	; 0
      0001E3 00                     519 	.db #0x00	; 0
      0001E4 00                     520 	.db #0x00	; 0
      0001E5 00                     521 	.db #0x00	; 0
      0001E6 00                     522 	.db #0x00	; 0
      0001E7 00                     523 	.db #0x00	; 0
      0001E8 00                     524 	.db #0x00	; 0
      0001E9 00                     525 	.db #0x00	; 0
      0001EA 00                     526 	.db #0x00	; 0
      0001EB 00                     527 	.db #0x00	; 0
      0001EC 00                     528 	.db #0x00	; 0
      0001ED 00                     529 	.db #0x00	; 0
      0001EE 00                     530 	.db #0x00	; 0
      0001EF 00                     531 	.db #0x00	; 0
      0001F0 00                     532 	.db #0x00	; 0
      0001F1 00                     533 	.db #0x00	; 0
      0001F2 00                     534 	.db #0x00	; 0
      0001F3 00                     535 	.db #0x00	; 0
      0001F4 00                     536 	.db #0x00	; 0
      0001F5 00                     537 	.db #0x00	; 0
      0001F6 00                     538 	.db #0x00	; 0
      0001F7 01                     539 	.db #0x01	; 1
      0001F8 00                     540 	.db #0x00	; 0
      0001F9 0F                     541 	.db #0x0f	; 15
      0001FA 00                     542 	.db #0x00	; 0
      0001FB 3F                     543 	.db #0x3f	; 63
      0001FC 00                     544 	.db #0x00	; 0
      0001FD 3F                     545 	.db #0x3f	; 63
      0001FE 00                     546 	.db #0x00	; 0
      0001FF 3F                     547 	.db #0x3f	; 63
      000200 00                     548 	.db #0x00	; 0
      000201 3F                     549 	.db #0x3f	; 63
      000202 00                     550 	.db #0x00	; 0
      000203 3F                     551 	.db #0x3f	; 63
      000204 00                     552 	.db #0x00	; 0
      000205 DF                     553 	.db #0xdf	; 223
      000206 00                     554 	.db #0x00	; 0
      000207 DF                     555 	.db #0xdf	; 223
      000208 00                     556 	.db #0x00	; 0
      000209 DF                     557 	.db #0xdf	; 223
      00020A 00                     558 	.db #0x00	; 0
      00020B F8                     559 	.db #0xf8	; 248
      00020C 00                     560 	.db #0x00	; 0
      00020D F8                     561 	.db #0xf8	; 248
      00020E 00                     562 	.db #0x00	; 0
      00020F F8                     563 	.db #0xf8	; 248
      000210 00                     564 	.db #0x00	; 0
      000211 F8                     565 	.db #0xf8	; 248
      000212 04                     566 	.db #0x04	; 4
      000213 F8                     567 	.db #0xf8	; 248
      000214 06                     568 	.db #0x06	; 6
      000215 F8                     569 	.db #0xf8	; 248
      000216 07                     570 	.db #0x07	; 7
      000217 F8                     571 	.db #0xf8	; 248
      000218 07                     572 	.db #0x07	; 7
      000219 F8                     573 	.db #0xf8	; 248
      00021A 07                     574 	.db #0x07	; 7
      00021B 00                     575 	.db #0x00	; 0
      00021C 00                     576 	.db #0x00	; 0
      00021D 00                     577 	.db #0x00	; 0
      00021E 00                     578 	.db #0x00	; 0
      00021F 00                     579 	.db #0x00	; 0
      000220 00                     580 	.db #0x00	; 0
      000221 00                     581 	.db #0x00	; 0
      000222 00                     582 	.db #0x00	; 0
      000223 00                     583 	.db #0x00	; 0
      000224 00                     584 	.db #0x00	; 0
      000225 00                     585 	.db #0x00	; 0
      000226 00                     586 	.db #0x00	; 0
      000227 40                     587 	.db #0x40	; 64
      000228 80                     588 	.db #0x80	; 128
      000229 10                     589 	.db #0x10	; 16
      00022A E0                     590 	.db #0xe0	; 224
      00022B 00                     591 	.db #0x00	; 0
      00022C 00                     592 	.db #0x00	; 0
      00022D 00                     593 	.db #0x00	; 0
      00022E 00                     594 	.db #0x00	; 0
      00022F 00                     595 	.db #0x00	; 0
      000230 00                     596 	.db #0x00	; 0
      000231 00                     597 	.db #0x00	; 0
      000232 00                     598 	.db #0x00	; 0
      000233 00                     599 	.db #0x00	; 0
      000234 00                     600 	.db #0x00	; 0
      000235 00                     601 	.db #0x00	; 0
      000236 00                     602 	.db #0x00	; 0
      000237 01                     603 	.db #0x01	; 1
      000238 00                     604 	.db #0x00	; 0
      000239 03                     605 	.db #0x03	; 3
      00023A 00                     606 	.db #0x00	; 0
      00023B 00                     607 	.db #0x00	; 0
      00023C 00                     608 	.db #0x00	; 0
      00023D 00                     609 	.db #0x00	; 0
      00023E 00                     610 	.db #0x00	; 0
      00023F 00                     611 	.db #0x00	; 0
      000240 00                     612 	.db #0x00	; 0
      000241 0F                     613 	.db #0x0f	; 15
      000242 00                     614 	.db #0x00	; 0
      000243 1F                     615 	.db #0x1f	; 31
      000244 00                     616 	.db #0x00	; 0
      000245 7F                     617 	.db #0x7f	; 127
      000246 00                     618 	.db #0x00	; 0
      000247 FC                     619 	.db #0xfc	; 252
      000248 03                     620 	.db #0x03	; 3
      000249 F0                     621 	.db #0xf0	; 240
      00024A 0F                     622 	.db #0x0f	; 15
      00024B 07                     623 	.db #0x07	; 7
      00024C 00                     624 	.db #0x00	; 0
      00024D 1F                     625 	.db #0x1f	; 31
      00024E 00                     626 	.db #0x00	; 0
      00024F 7F                     627 	.db #0x7f	; 127
      000250 00                     628 	.db #0x00	; 0
      000251 FF                     629 	.db #0xff	; 255
      000252 00                     630 	.db #0x00	; 0
      000253 FF                     631 	.db #0xff	; 255
      000254 00                     632 	.db #0x00	; 0
      000255 FF                     633 	.db #0xff	; 255
      000256 00                     634 	.db #0x00	; 0
      000257 3F                     635 	.db #0x3f	; 63
      000258 C0                     636 	.db #0xc0	; 192
      000259 37                     637 	.db #0x37	; 55	'7'
      00025A C0                     638 	.db #0xc0	; 192
      00025B DF                     639 	.db #0xdf	; 223
      00025C 00                     640 	.db #0x00	; 0
      00025D FF                     641 	.db #0xff	; 255
      00025E 00                     642 	.db #0x00	; 0
      00025F FF                     643 	.db #0xff	; 255
      000260 00                     644 	.db #0x00	; 0
      000261 FF                     645 	.db #0xff	; 255
      000262 00                     646 	.db #0x00	; 0
      000263 FF                     647 	.db #0xff	; 255
      000264 00                     648 	.db #0x00	; 0
      000265 7F                     649 	.db #0x7f	; 127
      000266 80                     650 	.db #0x80	; 128
      000267 3B                     651 	.db #0x3b	; 59
      000268 C4                     652 	.db #0xc4	; 196
      000269 FF                     653 	.db #0xff	; 255
      00026A 00                     654 	.db #0x00	; 0
      00026B F8                     655 	.db #0xf8	; 248
      00026C 07                     656 	.db #0x07	; 7
      00026D F0                     657 	.db #0xf0	; 240
      00026E 0F                     658 	.db #0x0f	; 15
      00026F F0                     659 	.db #0xf0	; 240
      000270 0F                     660 	.db #0x0f	; 15
      000271 F0                     661 	.db #0xf0	; 240
      000272 0F                     662 	.db #0x0f	; 15
      000273 F0                     663 	.db #0xf0	; 240
      000274 0F                     664 	.db #0x0f	; 15
      000275 E0                     665 	.db #0xe0	; 224
      000276 1F                     666 	.db #0x1f	; 31
      000277 E0                     667 	.db #0xe0	; 224
      000278 1F                     668 	.db #0x1f	; 31
      000279 E0                     669 	.db #0xe0	; 224
      00027A 1F                     670 	.db #0x1f	; 31
      00027B 1E                     671 	.db #0x1e	; 30
      00027C E0                     672 	.db #0xe0	; 224
      00027D 05                     673 	.db #0x05	; 5
      00027E FA                     674 	.db #0xfa	; 250
      00027F 00                     675 	.db #0x00	; 0
      000280 FF                     676 	.db #0xff	; 255
      000281 00                     677 	.db #0x00	; 0
      000282 FF                     678 	.db #0xff	; 255
      000283 00                     679 	.db #0x00	; 0
      000284 FF                     680 	.db #0xff	; 255
      000285 00                     681 	.db #0x00	; 0
      000286 FF                     682 	.db #0xff	; 255
      000287 00                     683 	.db #0x00	; 0
      000288 FF                     684 	.db #0xff	; 255
      000289 00                     685 	.db #0x00	; 0
      00028A FF                     686 	.db #0xff	; 255
      00028B 00                     687 	.db #0x00	; 0
      00028C 00                     688 	.db #0x00	; 0
      00028D FE                     689 	.db #0xfe	; 254
      00028E 00                     690 	.db #0x00	; 0
      00028F 7F                     691 	.db #0x7f	; 127
      000290 80                     692 	.db #0x80	; 128
      000291 01                     693 	.db #0x01	; 1
      000292 FE                     694 	.db #0xfe	; 254
      000293 00                     695 	.db #0x00	; 0
      000294 FF                     696 	.db #0xff	; 255
      000295 00                     697 	.db #0x00	; 0
      000296 FF                     698 	.db #0xff	; 255
      000297 00                     699 	.db #0x00	; 0
      000298 FF                     700 	.db #0xff	; 255
      000299 00                     701 	.db #0x00	; 0
      00029A FF                     702 	.db #0xff	; 255
      00029B 00                     703 	.db #0x00	; 0
      00029C 00                     704 	.db #0x00	; 0
      00029D 00                     705 	.db #0x00	; 0
      00029E 00                     706 	.db #0x00	; 0
      00029F C0                     707 	.db #0xc0	; 192
      0002A0 00                     708 	.db #0x00	; 0
      0002A1 FC                     709 	.db #0xfc	; 252
      0002A2 00                     710 	.db #0x00	; 0
      0002A3 3E                     711 	.db #0x3e	; 62
      0002A4 C0                     712 	.db #0xc0	; 192
      0002A5 0F                     713 	.db #0x0f	; 15
      0002A6 F0                     714 	.db #0xf0	; 240
      0002A7 00                     715 	.db #0x00	; 0
      0002A8 FF                     716 	.db #0xff	; 255
      0002A9 00                     717 	.db #0x00	; 0
      0002AA FF                     718 	.db #0xff	; 255
      0002AB 00                     719 	.db #0x00	; 0
      0002AC 00                     720 	.db #0x00	; 0
      0002AD 00                     721 	.db #0x00	; 0
      0002AE 00                     722 	.db #0x00	; 0
      0002AF 00                     723 	.db #0x00	; 0
      0002B0 00                     724 	.db #0x00	; 0
      0002B1 00                     725 	.db #0x00	; 0
      0002B2 00                     726 	.db #0x00	; 0
      0002B3 00                     727 	.db #0x00	; 0
      0002B4 00                     728 	.db #0x00	; 0
      0002B5 00                     729 	.db #0x00	; 0
      0002B6 00                     730 	.db #0x00	; 0
      0002B7 00                     731 	.db #0x00	; 0
      0002B8 C0                     732 	.db #0xc0	; 192
      0002B9 00                     733 	.db #0x00	; 0
      0002BA C0                     734 	.db #0xc0	; 192
      0002BB 0F                     735 	.db #0x0f	; 15
      0002BC 00                     736 	.db #0x00	; 0
      0002BD 1F                     737 	.db #0x1f	; 31
      0002BE 00                     738 	.db #0x00	; 0
      0002BF 7C                     739 	.db #0x7c	; 124
      0002C0 03                     740 	.db #0x03	; 3
      0002C1 70                     741 	.db #0x70	; 112	'p'
      0002C2 0F                     742 	.db #0x0f	; 15
      0002C3 C0                     743 	.db #0xc0	; 192
      0002C4 3F                     744 	.db #0x3f	; 63
      0002C5 80                     745 	.db #0x80	; 128
      0002C6 7F                     746 	.db #0x7f	; 127
      0002C7 80                     747 	.db #0x80	; 128
      0002C8 7F                     748 	.db #0x7f	; 127
      0002C9 80                     749 	.db #0x80	; 128
      0002CA 7F                     750 	.db #0x7f	; 127
      0002CB C1                     751 	.db #0xc1	; 193
      0002CC 3E                     752 	.db #0x3e	; 62
      0002CD 00                     753 	.db #0x00	; 0
      0002CE FF                     754 	.db #0xff	; 255
      0002CF 00                     755 	.db #0x00	; 0
      0002D0 FF                     756 	.db #0xff	; 255
      0002D1 00                     757 	.db #0x00	; 0
      0002D2 FF                     758 	.db #0xff	; 255
      0002D3 00                     759 	.db #0x00	; 0
      0002D4 FF                     760 	.db #0xff	; 255
      0002D5 00                     761 	.db #0x00	; 0
      0002D6 FF                     762 	.db #0xff	; 255
      0002D7 00                     763 	.db #0x00	; 0
      0002D8 FF                     764 	.db #0xff	; 255
      0002D9 00                     765 	.db #0x00	; 0
      0002DA FF                     766 	.db #0xff	; 255
      0002DB 3F                     767 	.db #0x3f	; 63
      0002DC C0                     768 	.db #0xc0	; 192
      0002DD 3F                     769 	.db #0x3f	; 63
      0002DE C0                     770 	.db #0xc0	; 192
      0002DF 3F                     771 	.db #0x3f	; 63
      0002E0 C0                     772 	.db #0xc0	; 192
      0002E1 3F                     773 	.db #0x3f	; 63
      0002E2 C0                     774 	.db #0xc0	; 192
      0002E3 0F                     775 	.db #0x0f	; 15
      0002E4 F0                     776 	.db #0xf0	; 240
      0002E5 01                     777 	.db #0x01	; 1
      0002E6 FE                     778 	.db #0xfe	; 254
      0002E7 03                     779 	.db #0x03	; 3
      0002E8 FC                     780 	.db #0xfc	; 252
      0002E9 01                     781 	.db #0x01	; 1
      0002EA FE                     782 	.db #0xfe	; 254
      0002EB FF                     783 	.db #0xff	; 255
      0002EC 00                     784 	.db #0x00	; 0
      0002ED FF                     785 	.db #0xff	; 255
      0002EE 00                     786 	.db #0x00	; 0
      0002EF 97                     787 	.db #0x97	; 151
      0002F0 68                     788 	.db #0x68	; 104	'h'
      0002F1 87                     789 	.db #0x87	; 135
      0002F2 78                     790 	.db #0x78	; 120	'x'
      0002F3 83                     791 	.db #0x83	; 131
      0002F4 7C                     792 	.db #0x7c	; 124
      0002F5 82                     793 	.db #0x82	; 130
      0002F6 7D                     794 	.db #0x7d	; 125
      0002F7 02                     795 	.db #0x02	; 2
      0002F8 FD                     796 	.db #0xfd	; 253
      0002F9 03                     797 	.db #0x03	; 3
      0002FA FC                     798 	.db #0xfc	; 252
      0002FB FF                     799 	.db #0xff	; 255
      0002FC 00                     800 	.db #0x00	; 0
      0002FD FF                     801 	.db #0xff	; 255
      0002FE 00                     802 	.db #0x00	; 0
      0002FF FF                     803 	.db #0xff	; 255
      000300 00                     804 	.db #0x00	; 0
      000301 FE                     805 	.db #0xfe	; 254
      000302 01                     806 	.db #0x01	; 1
      000303 FE                     807 	.db #0xfe	; 254
      000304 01                     808 	.db #0x01	; 1
      000305 1F                     809 	.db #0x1f	; 31
      000306 E0                     810 	.db #0xe0	; 224
      000307 00                     811 	.db #0x00	; 0
      000308 FF                     812 	.db #0xff	; 255
      000309 FE                     813 	.db #0xfe	; 254
      00030A 01                     814 	.db #0x01	; 1
      00030B C0                     815 	.db #0xc0	; 192
      00030C 3F                     816 	.db #0x3f	; 63
      00030D 80                     817 	.db #0x80	; 128
      00030E 7F                     818 	.db #0x7f	; 127
      00030F 80                     819 	.db #0x80	; 128
      000310 7F                     820 	.db #0x7f	; 127
      000311 00                     821 	.db #0x00	; 0
      000312 FF                     822 	.db #0xff	; 255
      000313 00                     823 	.db #0x00	; 0
      000314 FF                     824 	.db #0xff	; 255
      000315 00                     825 	.db #0x00	; 0
      000316 FF                     826 	.db #0xff	; 255
      000317 00                     827 	.db #0x00	; 0
      000318 FF                     828 	.db #0xff	; 255
      000319 00                     829 	.db #0x00	; 0
      00031A FF                     830 	.db #0xff	; 255
      00031B 00                     831 	.db #0x00	; 0
      00031C FF                     832 	.db #0xff	; 255
      00031D 00                     833 	.db #0x00	; 0
      00031E FF                     834 	.db #0xff	; 255
      00031F 00                     835 	.db #0x00	; 0
      000320 FF                     836 	.db #0xff	; 255
      000321 00                     837 	.db #0x00	; 0
      000322 FF                     838 	.db #0xff	; 255
      000323 00                     839 	.db #0x00	; 0
      000324 FF                     840 	.db #0xff	; 255
      000325 00                     841 	.db #0x00	; 0
      000326 FF                     842 	.db #0xff	; 255
      000327 00                     843 	.db #0x00	; 0
      000328 FF                     844 	.db #0xff	; 255
      000329 00                     845 	.db #0x00	; 0
      00032A FF                     846 	.db #0xff	; 255
      00032B 00                     847 	.db #0x00	; 0
      00032C C0                     848 	.db #0xc0	; 192
      00032D 00                     849 	.db #0x00	; 0
      00032E E0                     850 	.db #0xe0	; 224
      00032F 00                     851 	.db #0x00	; 0
      000330 F0                     852 	.db #0xf0	; 240
      000331 00                     853 	.db #0x00	; 0
      000332 F0                     854 	.db #0xf0	; 240
      000333 00                     855 	.db #0x00	; 0
      000334 F0                     856 	.db #0xf0	; 240
      000335 00                     857 	.db #0x00	; 0
      000336 F0                     858 	.db #0xf0	; 240
      000337 00                     859 	.db #0x00	; 0
      000338 F0                     860 	.db #0xf0	; 240
      000339 00                     861 	.db #0x00	; 0
      00033A F8                     862 	.db #0xf8	; 248
      00033B 80                     863 	.db #0x80	; 128
      00033C 7F                     864 	.db #0x7f	; 127
      00033D 00                     865 	.db #0x00	; 0
      00033E FF                     866 	.db #0xff	; 255
      00033F 00                     867 	.db #0x00	; 0
      000340 FF                     868 	.db #0xff	; 255
      000341 00                     869 	.db #0x00	; 0
      000342 FF                     870 	.db #0xff	; 255
      000343 00                     871 	.db #0x00	; 0
      000344 FF                     872 	.db #0xff	; 255
      000345 00                     873 	.db #0x00	; 0
      000346 FF                     874 	.db #0xff	; 255
      000347 00                     875 	.db #0x00	; 0
      000348 FF                     876 	.db #0xff	; 255
      000349 00                     877 	.db #0x00	; 0
      00034A FF                     878 	.db #0xff	; 255
      00034B 01                     879 	.db #0x01	; 1
      00034C FE                     880 	.db #0xfe	; 254
      00034D 01                     881 	.db #0x01	; 1
      00034E FE                     882 	.db #0xfe	; 254
      00034F 01                     883 	.db #0x01	; 1
      000350 FE                     884 	.db #0xfe	; 254
      000351 01                     885 	.db #0x01	; 1
      000352 FE                     886 	.db #0xfe	; 254
      000353 01                     887 	.db #0x01	; 1
      000354 FE                     888 	.db #0xfe	; 254
      000355 00                     889 	.db #0x00	; 0
      000356 FF                     890 	.db #0xff	; 255
      000357 01                     891 	.db #0x01	; 1
      000358 FE                     892 	.db #0xfe	; 254
      000359 01                     893 	.db #0x01	; 1
      00035A FE                     894 	.db #0xfe	; 254
      00035B 02                     895 	.db #0x02	; 2
      00035C FD                     896 	.db #0xfd	; 253
      00035D 1F                     897 	.db #0x1f	; 31
      00035E E0                     898 	.db #0xe0	; 224
      00035F 1F                     899 	.db #0x1f	; 31
      000360 E0                     900 	.db #0xe0	; 224
      000361 E0                     901 	.db #0xe0	; 224
      000362 1F                     902 	.db #0x1f	; 31
      000363 FF                     903 	.db #0xff	; 255
      000364 00                     904 	.db #0x00	; 0
      000365 3F                     905 	.db #0x3f	; 63
      000366 C0                     906 	.db #0xc0	; 192
      000367 FC                     907 	.db #0xfc	; 252
      000368 03                     908 	.db #0x03	; 3
      000369 FB                     909 	.db #0xfb	; 251
      00036A 04                     910 	.db #0x04	; 4
      00036B 1E                     911 	.db #0x1e	; 30
      00036C E1                     912 	.db #0xe1	; 225
      00036D F8                     913 	.db #0xf8	; 248
      00036E 07                     914 	.db #0x07	; 7
      00036F FE                     915 	.db #0xfe	; 254
      000370 01                     916 	.db #0x01	; 1
      000371 00                     917 	.db #0x00	; 0
      000372 FF                     918 	.db #0xff	; 255
      000373 E0                     919 	.db #0xe0	; 224
      000374 1F                     920 	.db #0x1f	; 31
      000375 FC                     921 	.db #0xfc	; 252
      000376 03                     922 	.db #0x03	; 3
      000377 00                     923 	.db #0x00	; 0
      000378 FF                     924 	.db #0xff	; 255
      000379 E0                     925 	.db #0xe0	; 224
      00037A 1F                     926 	.db #0x1f	; 31
      00037B 00                     927 	.db #0x00	; 0
      00037C FC                     928 	.db #0xfc	; 252
      00037D 00                     929 	.db #0x00	; 0
      00037E FC                     930 	.db #0xfc	; 252
      00037F 00                     931 	.db #0x00	; 0
      000380 FC                     932 	.db #0xfc	; 252
      000381 00                     933 	.db #0x00	; 0
      000382 FC                     934 	.db #0xfc	; 252
      000383 00                     935 	.db #0x00	; 0
      000384 FC                     936 	.db #0xfc	; 252
      000385 00                     937 	.db #0x00	; 0
      000386 FC                     938 	.db #0xfc	; 252
      000387 00                     939 	.db #0x00	; 0
      000388 FC                     940 	.db #0xfc	; 252
      000389 00                     941 	.db #0x00	; 0
      00038A FC                     942 	.db #0xfc	; 252
      00038B 00                     943 	.db #0x00	; 0
      00038C FF                     944 	.db #0xff	; 255
      00038D 00                     945 	.db #0x00	; 0
      00038E FF                     946 	.db #0xff	; 255
      00038F 80                     947 	.db #0x80	; 128
      000390 7F                     948 	.db #0x7f	; 127
      000391 80                     949 	.db #0x80	; 128
      000392 7F                     950 	.db #0x7f	; 127
      000393 00                     951 	.db #0x00	; 0
      000394 FF                     952 	.db #0xff	; 255
      000395 00                     953 	.db #0x00	; 0
      000396 FF                     954 	.db #0xff	; 255
      000397 00                     955 	.db #0x00	; 0
      000398 FF                     956 	.db #0xff	; 255
      000399 00                     957 	.db #0x00	; 0
      00039A FF                     958 	.db #0xff	; 255
      00039B 00                     959 	.db #0x00	; 0
      00039C FF                     960 	.db #0xff	; 255
      00039D 00                     961 	.db #0x00	; 0
      00039E FF                     962 	.db #0xff	; 255
      00039F 01                     963 	.db #0x01	; 1
      0003A0 FE                     964 	.db #0xfe	; 254
      0003A1 00                     965 	.db #0x00	; 0
      0003A2 FF                     966 	.db #0xff	; 255
      0003A3 00                     967 	.db #0x00	; 0
      0003A4 FF                     968 	.db #0xff	; 255
      0003A5 01                     969 	.db #0x01	; 1
      0003A6 FE                     970 	.db #0xfe	; 254
      0003A7 00                     971 	.db #0x00	; 0
      0003A8 FF                     972 	.db #0xff	; 255
      0003A9 01                     973 	.db #0x01	; 1
      0003AA FE                     974 	.db #0xfe	; 254
      0003AB 3D                     975 	.db #0x3d	; 61
      0003AC C2                     976 	.db #0xc2	; 194
      0003AD 78                     977 	.db #0x78	; 120	'x'
      0003AE 87                     978 	.db #0x87	; 135
      0003AF FB                     979 	.db #0xfb	; 251
      0003B0 04                     980 	.db #0x04	; 4
      0003B1 3B                     981 	.db #0x3b	; 59
      0003B2 C4                     982 	.db #0xc4	; 196
      0003B3 38                     983 	.db #0x38	; 56	'8'
      0003B4 C7                     984 	.db #0xc7	; 199
      0003B5 FB                     985 	.db #0xfb	; 251
      0003B6 04                     986 	.db #0x04	; 4
      0003B7 3B                     987 	.db #0x3b	; 59
      0003B8 C4                     988 	.db #0xc4	; 196
      0003B9 F8                     989 	.db #0xf8	; 248
      0003BA 07                     990 	.db #0x07	; 7
      0003BB F8                     991 	.db #0xf8	; 248
      0003BC 07                     992 	.db #0x07	; 7
      0003BD 00                     993 	.db #0x00	; 0
      0003BE FF                     994 	.db #0xff	; 255
      0003BF F0                     995 	.db #0xf0	; 240
      0003C0 0F                     996 	.db #0x0f	; 15
      0003C1 F0                     997 	.db #0xf0	; 240
      0003C2 0F                     998 	.db #0x0f	; 15
      0003C3 00                     999 	.db #0x00	; 0
      0003C4 FF                    1000 	.db #0xff	; 255
      0003C5 E0                    1001 	.db #0xe0	; 224
      0003C6 1F                    1002 	.db #0x1f	; 31
      0003C7 E0                    1003 	.db #0xe0	; 224
      0003C8 1F                    1004 	.db #0x1f	; 31
      0003C9 00                    1005 	.db #0x00	; 0
      0003CA FF                    1006 	.db #0xff	; 255
      0003CB 00                    1007 	.db #0x00	; 0
      0003CC FE                    1008 	.db #0xfe	; 254
      0003CD 00                    1009 	.db #0x00	; 0
      0003CE FF                    1010 	.db #0xff	; 255
      0003CF 00                    1011 	.db #0x00	; 0
      0003D0 FF                    1012 	.db #0xff	; 255
      0003D1 00                    1013 	.db #0x00	; 0
      0003D2 FF                    1014 	.db #0xff	; 255
      0003D3 00                    1015 	.db #0x00	; 0
      0003D4 FF                    1016 	.db #0xff	; 255
      0003D5 00                    1017 	.db #0x00	; 0
      0003D6 FF                    1018 	.db #0xff	; 255
      0003D7 00                    1019 	.db #0x00	; 0
      0003D8 FF                    1020 	.db #0xff	; 255
      0003D9 00                    1021 	.db #0x00	; 0
      0003DA FF                    1022 	.db #0xff	; 255
      0003DB 00                    1023 	.db #0x00	; 0
      0003DC 00                    1024 	.db #0x00	; 0
      0003DD 00                    1025 	.db #0x00	; 0
      0003DE 00                    1026 	.db #0x00	; 0
      0003DF 00                    1027 	.db #0x00	; 0
      0003E0 80                    1028 	.db #0x80	; 128
      0003E1 00                    1029 	.db #0x00	; 0
      0003E2 80                    1030 	.db #0x80	; 128
      0003E3 00                    1031 	.db #0x00	; 0
      0003E4 80                    1032 	.db #0x80	; 128
      0003E5 00                    1033 	.db #0x00	; 0
      0003E6 80                    1034 	.db #0x80	; 128
      0003E7 00                    1035 	.db #0x00	; 0
      0003E8 C0                    1036 	.db #0xc0	; 192
      0003E9 00                    1037 	.db #0x00	; 0
      0003EA F8                    1038 	.db #0xf8	; 248
      0003EB 01                    1039 	.db #0x01	; 1
      0003EC FE                    1040 	.db #0xfe	; 254
      0003ED 00                    1041 	.db #0x00	; 0
      0003EE FF                    1042 	.db #0xff	; 255
      0003EF 00                    1043 	.db #0x00	; 0
      0003F0 FF                    1044 	.db #0xff	; 255
      0003F1 01                    1045 	.db #0x01	; 1
      0003F2 FE                    1046 	.db #0xfe	; 254
      0003F3 00                    1047 	.db #0x00	; 0
      0003F4 FF                    1048 	.db #0xff	; 255
      0003F5 00                    1049 	.db #0x00	; 0
      0003F6 FF                    1050 	.db #0xff	; 255
      0003F7 01                    1051 	.db #0x01	; 1
      0003F8 FE                    1052 	.db #0xfe	; 254
      0003F9 01                    1053 	.db #0x01	; 1
      0003FA FE                    1054 	.db #0xfe	; 254
      0003FB FF                    1055 	.db #0xff	; 255
      0003FC 00                    1056 	.db #0x00	; 0
      0003FD 3F                    1057 	.db #0x3f	; 63
      0003FE C0                    1058 	.db #0xc0	; 192
      0003FF 10                    1059 	.db #0x10	; 16
      000400 EF                    1060 	.db #0xef	; 239
      000401 F7                    1061 	.db #0xf7	; 247
      000402 08                    1062 	.db #0x08	; 8
      000403 1F                    1063 	.db #0x1f	; 31
      000404 E0                    1064 	.db #0xe0	; 224
      000405 11                    1065 	.db #0x11	; 17
      000406 EE                    1066 	.db #0xee	; 238
      000407 F6                    1067 	.db #0xf6	; 246
      000408 09                    1068 	.db #0x09	; 9
      000409 F7                    1069 	.db #0xf7	; 247
      00040A 08                    1070 	.db #0x08	; 8
      00040B 00                    1071 	.db #0x00	; 0
      00040C FF                    1072 	.db #0xff	; 255
      00040D E0                    1073 	.db #0xe0	; 224
      00040E 1F                    1074 	.db #0x1f	; 31
      00040F 00                    1075 	.db #0x00	; 0
      000410 FF                    1076 	.db #0xff	; 255
      000411 C0                    1077 	.db #0xc0	; 192
      000412 3F                    1078 	.db #0x3f	; 63
      000413 E0                    1079 	.db #0xe0	; 224
      000414 1F                    1080 	.db #0x1f	; 31
      000415 E0                    1081 	.db #0xe0	; 224
      000416 1F                    1082 	.db #0x1f	; 31
      000417 00                    1083 	.db #0x00	; 0
      000418 FF                    1084 	.db #0xff	; 255
      000419 C0                    1085 	.db #0xc0	; 192
      00041A 3F                    1086 	.db #0x3f	; 63
      00041B 00                    1087 	.db #0x00	; 0
      00041C FF                    1088 	.db #0xff	; 255
      00041D 06                    1089 	.db #0x06	; 6
      00041E F9                    1090 	.db #0xf9	; 249
      00041F 07                    1091 	.db #0x07	; 7
      000420 F8                    1092 	.db #0xf8	; 248
      000421 07                    1093 	.db #0x07	; 7
      000422 F8                    1094 	.db #0xf8	; 248
      000423 07                    1095 	.db #0x07	; 7
      000424 F8                    1096 	.db #0xf8	; 248
      000425 07                    1097 	.db #0x07	; 7
      000426 F8                    1098 	.db #0xf8	; 248
      000427 07                    1099 	.db #0x07	; 7
      000428 F8                    1100 	.db #0xf8	; 248
      000429 07                    1101 	.db #0x07	; 7
      00042A F8                    1102 	.db #0xf8	; 248
      00042B 00                    1103 	.db #0x00	; 0
      00042C FF                    1104 	.db #0xff	; 255
      00042D 00                    1105 	.db #0x00	; 0
      00042E FF                    1106 	.db #0xff	; 255
      00042F 3F                    1107 	.db #0x3f	; 63
      000430 00                    1108 	.db #0x00	; 0
      000431 FF                    1109 	.db #0xff	; 255
      000432 00                    1110 	.db #0x00	; 0
      000433 FF                    1111 	.db #0xff	; 255
      000434 00                    1112 	.db #0x00	; 0
      000435 FF                    1113 	.db #0xff	; 255
      000436 00                    1114 	.db #0x00	; 0
      000437 FF                    1115 	.db #0xff	; 255
      000438 00                    1116 	.db #0x00	; 0
      000439 FF                    1117 	.db #0xff	; 255
      00043A 00                    1118 	.db #0x00	; 0
      00043B 00                    1119 	.db #0x00	; 0
      00043C FF                    1120 	.db #0xff	; 255
      00043D 00                    1121 	.db #0x00	; 0
      00043E FF                    1122 	.db #0xff	; 255
      00043F C0                    1123 	.db #0xc0	; 192
      000440 3F                    1124 	.db #0x3f	; 63
      000441 E0                    1125 	.db #0xe0	; 224
      000442 1F                    1126 	.db #0x1f	; 31
      000443 E0                    1127 	.db #0xe0	; 224
      000444 1F                    1128 	.db #0x1f	; 31
      000445 E0                    1129 	.db #0xe0	; 224
      000446 1F                    1130 	.db #0x1f	; 31
      000447 F0                    1131 	.db #0xf0	; 240
      000448 0F                    1132 	.db #0x0f	; 15
      000449 F8                    1133 	.db #0xf8	; 248
      00044A 07                    1134 	.db #0x07	; 7
      00044B 00                    1135 	.db #0x00	; 0
      00044C FC                    1136 	.db #0xfc	; 252
      00044D 00                    1137 	.db #0x00	; 0
      00044E FE                    1138 	.db #0xfe	; 254
      00044F 01                    1139 	.db #0x01	; 1
      000450 FE                    1140 	.db #0xfe	; 254
      000451 00                    1141 	.db #0x00	; 0
      000452 FF                    1142 	.db #0xff	; 255
      000453 00                    1143 	.db #0x00	; 0
      000454 FF                    1144 	.db #0xff	; 255
      000455 00                    1145 	.db #0x00	; 0
      000456 FF                    1146 	.db #0xff	; 255
      000457 00                    1147 	.db #0x00	; 0
      000458 FF                    1148 	.db #0xff	; 255
      000459 00                    1149 	.db #0x00	; 0
      00045A FF                    1150 	.db #0xff	; 255
      00045B 00                    1151 	.db #0x00	; 0
      00045C 00                    1152 	.db #0x00	; 0
      00045D 00                    1153 	.db #0x00	; 0
      00045E 00                    1154 	.db #0x00	; 0
      00045F 00                    1155 	.db #0x00	; 0
      000460 00                    1156 	.db #0x00	; 0
      000461 00                    1157 	.db #0x00	; 0
      000462 C0                    1158 	.db #0xc0	; 192
      000463 00                    1159 	.db #0x00	; 0
      000464 C0                    1160 	.db #0xc0	; 192
      000465 00                    1161 	.db #0x00	; 0
      000466 F0                    1162 	.db #0xf0	; 240
      000467 04                    1163 	.db #0x04	; 4
      000468 F8                    1164 	.db #0xf8	; 248
      000469 00                    1165 	.db #0x00	; 0
      00046A FC                    1166 	.db #0xfc	; 252
      00046B 00                    1167 	.db #0x00	; 0
      00046C FF                    1168 	.db #0xff	; 255
      00046D 01                    1169 	.db #0x01	; 1
      00046E FE                    1170 	.db #0xfe	; 254
      00046F 00                    1171 	.db #0x00	; 0
      000470 FF                    1172 	.db #0xff	; 255
      000471 00                    1173 	.db #0x00	; 0
      000472 FF                    1174 	.db #0xff	; 255
      000473 00                    1175 	.db #0x00	; 0
      000474 FF                    1176 	.db #0xff	; 255
      000475 01                    1177 	.db #0x01	; 1
      000476 FE                    1178 	.db #0xfe	; 254
      000477 00                    1179 	.db #0x00	; 0
      000478 FF                    1180 	.db #0xff	; 255
      000479 00                    1181 	.db #0x00	; 0
      00047A FF                    1182 	.db #0xff	; 255
      00047B 10                    1183 	.db #0x10	; 16
      00047C EF                    1184 	.db #0xef	; 239
      00047D F0                    1185 	.db #0xf0	; 240
      00047E 0F                    1186 	.db #0x0f	; 15
      00047F 37                    1187 	.db #0x37	; 55	'7'
      000480 C8                    1188 	.db #0xc8	; 200
      000481 11                    1189 	.db #0x11	; 17
      000482 EE                    1190 	.db #0xee	; 238
      000483 10                    1191 	.db #0x10	; 16
      000484 EF                    1192 	.db #0xef	; 239
      000485 FF                    1193 	.db #0xff	; 255
      000486 00                    1194 	.db #0x00	; 0
      000487 1F                    1195 	.db #0x1f	; 31
      000488 E0                    1196 	.db #0xe0	; 224
      000489 10                    1197 	.db #0x10	; 16
      00048A EF                    1198 	.db #0xef	; 239
      00048B 00                    1199 	.db #0x00	; 0
      00048C FF                    1200 	.db #0xff	; 255
      00048D 00                    1201 	.db #0x00	; 0
      00048E FF                    1202 	.db #0xff	; 255
      00048F C0                    1203 	.db #0xc0	; 192
      000490 3F                    1204 	.db #0x3f	; 63
      000491 C0                    1205 	.db #0xc0	; 192
      000492 3F                    1206 	.db #0x3f	; 63
      000493 00                    1207 	.db #0x00	; 0
      000494 FF                    1208 	.db #0xff	; 255
      000495 80                    1209 	.db #0x80	; 128
      000496 7F                    1210 	.db #0x7f	; 127
      000497 80                    1211 	.db #0x80	; 128
      000498 7F                    1212 	.db #0x7f	; 127
      000499 00                    1213 	.db #0x00	; 0
      00049A FF                    1214 	.db #0xff	; 255
      00049B 01                    1215 	.db #0x01	; 1
      00049C FE                    1216 	.db #0xfe	; 254
      00049D 01                    1217 	.db #0x01	; 1
      00049E FE                    1218 	.db #0xfe	; 254
      00049F 01                    1219 	.db #0x01	; 1
      0004A0 FE                    1220 	.db #0xfe	; 254
      0004A1 01                    1221 	.db #0x01	; 1
      0004A2 FE                    1222 	.db #0xfe	; 254
      0004A3 01                    1223 	.db #0x01	; 1
      0004A4 FE                    1224 	.db #0xfe	; 254
      0004A5 00                    1225 	.db #0x00	; 0
      0004A6 FF                    1226 	.db #0xff	; 255
      0004A7 00                    1227 	.db #0x00	; 0
      0004A8 FF                    1228 	.db #0xff	; 255
      0004A9 00                    1229 	.db #0x00	; 0
      0004AA FF                    1230 	.db #0xff	; 255
      0004AB FF                    1231 	.db #0xff	; 255
      0004AC 00                    1232 	.db #0x00	; 0
      0004AD FF                    1233 	.db #0xff	; 255
      0004AE 00                    1234 	.db #0x00	; 0
      0004AF FF                    1235 	.db #0xff	; 255
      0004B0 00                    1236 	.db #0x00	; 0
      0004B1 FF                    1237 	.db #0xff	; 255
      0004B2 00                    1238 	.db #0x00	; 0
      0004B3 EF                    1239 	.db #0xef	; 239
      0004B4 10                    1240 	.db #0x10	; 16
      0004B5 7F                    1241 	.db #0x7f	; 127
      0004B6 80                    1242 	.db #0x80	; 128
      0004B7 7F                    1243 	.db #0x7f	; 127
      0004B8 80                    1244 	.db #0x80	; 128
      0004B9 01                    1245 	.db #0x01	; 1
      0004BA FE                    1246 	.db #0xfe	; 254
      0004BB FC                    1247 	.db #0xfc	; 252
      0004BC 03                    1248 	.db #0x03	; 3
      0004BD FC                    1249 	.db #0xfc	; 252
      0004BE 03                    1250 	.db #0x03	; 3
      0004BF FE                    1251 	.db #0xfe	; 254
      0004C0 01                    1252 	.db #0x01	; 1
      0004C1 FE                    1253 	.db #0xfe	; 254
      0004C2 01                    1254 	.db #0x01	; 1
      0004C3 FE                    1255 	.db #0xfe	; 254
      0004C4 01                    1256 	.db #0x01	; 1
      0004C5 FE                    1257 	.db #0xfe	; 254
      0004C6 01                    1258 	.db #0x01	; 1
      0004C7 FE                    1259 	.db #0xfe	; 254
      0004C8 01                    1260 	.db #0x01	; 1
      0004C9 FE                    1261 	.db #0xfe	; 254
      0004CA 01                    1262 	.db #0x01	; 1
      0004CB 00                    1263 	.db #0x00	; 0
      0004CC FC                    1264 	.db #0xfc	; 252
      0004CD 02                    1265 	.db #0x02	; 2
      0004CE FC                    1266 	.db #0xfc	; 252
      0004CF 02                    1267 	.db #0x02	; 2
      0004D0 FC                    1268 	.db #0xfc	; 252
      0004D1 02                    1269 	.db #0x02	; 2
      0004D2 FC                    1270 	.db #0xfc	; 252
      0004D3 02                    1271 	.db #0x02	; 2
      0004D4 FC                    1272 	.db #0xfc	; 252
      0004D5 02                    1273 	.db #0x02	; 2
      0004D6 FC                    1274 	.db #0xfc	; 252
      0004D7 02                    1275 	.db #0x02	; 2
      0004D8 FC                    1276 	.db #0xfc	; 252
      0004D9 00                    1277 	.db #0x00	; 0
      0004DA FE                    1278 	.db #0xfe	; 254
      0004DB                       1279 _RICKMAP:
      0004DB 00                    1280 	.db #0x00	; 0
      0004DC 00                    1281 	.db #0x00	; 0
      0004DD 00                    1282 	.db #0x00	; 0
      0004DE 01                    1283 	.db #0x01	; 1
      0004DF 02                    1284 	.db #0x02	; 2
      0004E0 03                    1285 	.db #0x03	; 3
      0004E1 04                    1286 	.db #0x04	; 4
      0004E2 00                    1287 	.db #0x00	; 0
      0004E3 00                    1288 	.db #0x00	; 0
      0004E4 00                    1289 	.db #0x00	; 0
      0004E5 00                    1290 	.db #0x00	; 0
      0004E6 00                    1291 	.db #0x00	; 0
      0004E7 00                    1292 	.db #0x00	; 0
      0004E8 00                    1293 	.db #0x00	; 0
      0004E9 05                    1294 	.db #0x05	; 5
      0004EA 06                    1295 	.db #0x06	; 6
      0004EB 07                    1296 	.db #0x07	; 7
      0004EC 08                    1297 	.db #0x08	; 8
      0004ED 09                    1298 	.db #0x09	; 9
      0004EE 00                    1299 	.db #0x00	; 0
      0004EF 00                    1300 	.db #0x00	; 0
      0004F0 00                    1301 	.db #0x00	; 0
      0004F1 00                    1302 	.db #0x00	; 0
      0004F2 00                    1303 	.db #0x00	; 0
      0004F3 00                    1304 	.db #0x00	; 0
      0004F4 00                    1305 	.db #0x00	; 0
      0004F5 0A                    1306 	.db #0x0a	; 10
      0004F6 0B                    1307 	.db #0x0b	; 11
      0004F7 0C                    1308 	.db #0x0c	; 12
      0004F8 0D                    1309 	.db #0x0d	; 13
      0004F9 0E                    1310 	.db #0x0e	; 14
      0004FA 00                    1311 	.db #0x00	; 0
      0004FB 00                    1312 	.db #0x00	; 0
      0004FC 00                    1313 	.db #0x00	; 0
      0004FD 00                    1314 	.db #0x00	; 0
      0004FE 00                    1315 	.db #0x00	; 0
      0004FF 00                    1316 	.db #0x00	; 0
      000500 00                    1317 	.db #0x00	; 0
      000501 0F                    1318 	.db #0x0f	; 15
      000502 10                    1319 	.db #0x10	; 16
      000503 0D                    1320 	.db #0x0d	; 13
      000504 11                    1321 	.db #0x11	; 17
      000505 12                    1322 	.db #0x12	; 18
      000506 00                    1323 	.db #0x00	; 0
      000507 00                    1324 	.db #0x00	; 0
      000508 00                    1325 	.db #0x00	; 0
      000509 00                    1326 	.db #0x00	; 0
      00050A 00                    1327 	.db #0x00	; 0
      00050B 00                    1328 	.db #0x00	; 0
      00050C 00                    1329 	.db #0x00	; 0
      00050D 00                    1330 	.db #0x00	; 0
      00050E 13                    1331 	.db #0x13	; 19
      00050F 0D                    1332 	.db #0x0d	; 13
      000510 14                    1333 	.db #0x14	; 20
      000511 15                    1334 	.db #0x15	; 21
      000512 00                    1335 	.db #0x00	; 0
      000513 00                    1336 	.db #0x00	; 0
      000514 00                    1337 	.db #0x00	; 0
      000515 00                    1338 	.db #0x00	; 0
      000516 00                    1339 	.db #0x00	; 0
      000517 00                    1340 	.db #0x00	; 0
      000518 00                    1341 	.db #0x00	; 0
      000519 16                    1342 	.db #0x16	; 22
      00051A 17                    1343 	.db #0x17	; 23
      00051B 0D                    1344 	.db #0x0d	; 13
      00051C 18                    1345 	.db #0x18	; 24
      00051D 19                    1346 	.db #0x19	; 25
      00051E 00                    1347 	.db #0x00	; 0
      00051F 00                    1348 	.db #0x00	; 0
      000520 00                    1349 	.db #0x00	; 0
      000521 00                    1350 	.db #0x00	; 0
      000522 00                    1351 	.db #0x00	; 0
      000523 1A                    1352 	.db #0x1a	; 26
      000524 1B                    1353 	.db #0x1b	; 27
      000525 1C                    1354 	.db #0x1c	; 28
      000526 1D                    1355 	.db #0x1d	; 29
      000527 0D                    1356 	.db #0x0d	; 13
      000528 1E                    1357 	.db #0x1e	; 30
      000529 1F                    1358 	.db #0x1f	; 31
      00052A 20                    1359 	.db #0x20	; 32
      00052B 21                    1360 	.db #0x21	; 33
      00052C 22                    1361 	.db #0x22	; 34
      00052D 00                    1362 	.db #0x00	; 0
      00052E 00                    1363 	.db #0x00	; 0
      00052F 23                    1364 	.db #0x23	; 35
      000530 24                    1365 	.db #0x24	; 36
      000531 25                    1366 	.db #0x25	; 37
      000532 26                    1367 	.db #0x26	; 38
      000533 27                    1368 	.db #0x27	; 39
      000534 28                    1369 	.db #0x28	; 40
      000535 29                    1370 	.db #0x29	; 41
      000536 29                    1371 	.db #0x29	; 41
      000537 29                    1372 	.db #0x29	; 41
      000538 2A                    1373 	.db #0x2a	; 42
      000539 00                    1374 	.db #0x00	; 0
      00053A 00                    1375 	.db #0x00	; 0
      00053B 2B                    1376 	.db #0x2b	; 43
      00053C 29                    1377 	.db #0x29	; 41
      00053D 2C                    1378 	.db #0x2c	; 44
      00053E 2D                    1379 	.db #0x2d	; 45
      00053F 2E                    1380 	.db #0x2e	; 46
      000540 29                    1381 	.db #0x29	; 41
      000541 29                    1382 	.db #0x29	; 41
      000542 29                    1383 	.db #0x29	; 41
      000543 29                    1384 	.db #0x29	; 41
      000544 2F                    1385 	.db #0x2f	; 47
      000545 00                    1386 	.db #0x00	; 0
      000546 00                    1387 	.db #0x00	; 0
      000547 30                    1388 	.db #0x30	; 48	'0'
      000548 29                    1389 	.db #0x29	; 41
      000549 31                    1390 	.db #0x31	; 49	'1'
      00054A 32                    1391 	.db #0x32	; 50	'2'
      00054B 33                    1392 	.db #0x33	; 51	'3'
      00054C 29                    1393 	.db #0x29	; 41
      00054D 29                    1394 	.db #0x29	; 41
      00054E 29                    1395 	.db #0x29	; 41
      00054F 29                    1396 	.db #0x29	; 41
      000550 34                    1397 	.db #0x34	; 52	'4'
      000551 35                    1398 	.db #0x35	; 53	'5'
      000552 00                    1399 	.db #0x00	; 0
      000553 29                    1400 	.db #0x29	; 41
      000554 29                    1401 	.db #0x29	; 41
      000555 36                    1402 	.db #0x36	; 54	'6'
      000556 37                    1403 	.db #0x37	; 55	'7'
      000557 38                    1404 	.db #0x38	; 56	'8'
      000558 39                    1405 	.db #0x39	; 57	'9'
      000559 3A                    1406 	.db #0x3a	; 58
      00055A 3B                    1407 	.db #0x3b	; 59
      00055B 29                    1408 	.db #0x29	; 41
      00055C 29                    1409 	.db #0x29	; 41
      00055D 3C                    1410 	.db #0x3c	; 60
      00055E 3D                    1411 	.db #0x3d	; 61
      00055F 29                    1412 	.db #0x29	; 41
      000560 29                    1413 	.db #0x29	; 41
      000561 3E                    1414 	.db #0x3e	; 62
      000562 3F                    1415 	.db #0x3f	; 63
      000563 40                    1416 	.db #0x40	; 64
      000564 41                    1417 	.db #0x41	; 65	'A'
      000565 42                    1418 	.db #0x42	; 66	'B'
      000566 43                    1419 	.db #0x43	; 67	'C'
      000567 29                    1420 	.db #0x29	; 41
      000568 29                    1421 	.db #0x29	; 41
      000569 29                    1422 	.db #0x29	; 41
      00056A 44                    1423 	.db #0x44	; 68	'D'
      00056B                       1424 _frequencies:
      00056B 2C 00                 1425 	.dw #0x002c
      00056D 9C 00                 1426 	.dw #0x009c
      00056F 06 01                 1427 	.dw #0x0106
      000571 6B 01                 1428 	.dw #0x016b
      000573 C9 01                 1429 	.dw #0x01c9
      000575 23 02                 1430 	.dw #0x0223
      000577 77 02                 1431 	.dw #0x0277
      000579 C6 02                 1432 	.dw #0x02c6
      00057B 12 03                 1433 	.dw #0x0312
      00057D 56 03                 1434 	.dw #0x0356
      00057F 9B 03                 1435 	.dw #0x039b
      000581 DA 03                 1436 	.dw #0x03da
      000583 16 04                 1437 	.dw #0x0416
      000585 4E 04                 1438 	.dw #0x044e
      000587 83 04                 1439 	.dw #0x0483
      000589 B5 04                 1440 	.dw #0x04b5
      00058B E5 04                 1441 	.dw #0x04e5
      00058D 11 05                 1442 	.dw #0x0511
      00058F 3B 05                 1443 	.dw #0x053b
      000591 63 05                 1444 	.dw #0x0563
      000593 89 05                 1445 	.dw #0x0589
      000595 AC 05                 1446 	.dw #0x05ac
      000597 CE 05                 1447 	.dw #0x05ce
      000599 ED 05                 1448 	.dw #0x05ed
      00059B 0A 06                 1449 	.dw #0x060a
      00059D 27 06                 1450 	.dw #0x0627
      00059F 42 06                 1451 	.dw #0x0642
      0005A1 5B 06                 1452 	.dw #0x065b
      0005A3 72 06                 1453 	.dw #0x0672
      0005A5 89 06                 1454 	.dw #0x0689
      0005A7 9E 06                 1455 	.dw #0x069e
      0005A9 B2 06                 1456 	.dw #0x06b2
      0005AB C4 06                 1457 	.dw #0x06c4
      0005AD D6 06                 1458 	.dw #0x06d6
      0005AF E7 06                 1459 	.dw #0x06e7
      0005B1 F7 06                 1460 	.dw #0x06f7
      0005B3 06 07                 1461 	.dw #0x0706
      0005B5 14 07                 1462 	.dw #0x0714
      0005B7 21 07                 1463 	.dw #0x0721
      0005B9 2D 07                 1464 	.dw #0x072d
      0005BB 39 07                 1465 	.dw #0x0739
      0005BD 44 07                 1466 	.dw #0x0744
      0005BF 4F 07                 1467 	.dw #0x074f
      0005C1 59 07                 1468 	.dw #0x0759
      0005C3 62 07                 1469 	.dw #0x0762
      0005C5 6B 07                 1470 	.dw #0x076b
      0005C7 73 07                 1471 	.dw #0x0773
      0005C9 7B 07                 1472 	.dw #0x077b
      0005CB 83 07                 1473 	.dw #0x0783
      0005CD 8A 07                 1474 	.dw #0x078a
      0005CF 90 07                 1475 	.dw #0x0790
      0005D1 97 07                 1476 	.dw #0x0797
      0005D3 9D 07                 1477 	.dw #0x079d
      0005D5 A2 07                 1478 	.dw #0x07a2
      0005D7 A7 07                 1479 	.dw #0x07a7
      0005D9 AC 07                 1480 	.dw #0x07ac
      0005DB B1 07                 1481 	.dw #0x07b1
      0005DD B6 07                 1482 	.dw #0x07b6
      0005DF BA 07                 1483 	.dw #0x07ba
      0005E1 BE 07                 1484 	.dw #0x07be
      0005E3 C1 07                 1485 	.dw #0x07c1
      0005E5 C4 07                 1486 	.dw #0x07c4
      0005E7 C8 07                 1487 	.dw #0x07c8
      0005E9 CB 07                 1488 	.dw #0x07cb
      0005EB CE 07                 1489 	.dw #0x07ce
      0005ED D1 07                 1490 	.dw #0x07d1
      0005EF D4 07                 1491 	.dw #0x07d4
      0005F1 D6 07                 1492 	.dw #0x07d6
      0005F3 D9 07                 1493 	.dw #0x07d9
      0005F5 DB 07                 1494 	.dw #0x07db
      0005F7 DD 07                 1495 	.dw #0x07dd
      0005F9 DF 07                 1496 	.dw #0x07df
      0005FB                       1497 _music:
      0005FB 21                    1498 	.db #0x21	; 33
      0005FC 23                    1499 	.db #0x23	; 35
      0005FD 26                    1500 	.db #0x26	; 38
      0005FE 23                    1501 	.db #0x23	; 35
      0005FF 2A                    1502 	.db #0x2a	; 42
      000600 2A                    1503 	.db #0x2a	; 42
      000601 28                    1504 	.db #0x28	; 40
      000602 21                    1505 	.db #0x21	; 33
      000603 23                    1506 	.db #0x23	; 35
      000604 26                    1507 	.db #0x26	; 38
      000605 23                    1508 	.db #0x23	; 35
      000606 28                    1509 	.db #0x28	; 40
      000607 28                    1510 	.db #0x28	; 40
      000608 26                    1511 	.db #0x26	; 38
      000609 25                    1512 	.db #0x25	; 37
      00060A 23                    1513 	.db #0x23	; 35
      00060B 21                    1514 	.db #0x21	; 33
      00060C 23                    1515 	.db #0x23	; 35
      00060D 26                    1516 	.db #0x26	; 38
      00060E 23                    1517 	.db #0x23	; 35
      00060F 26                    1518 	.db #0x26	; 38
      000610 28                    1519 	.db #0x28	; 40
      000611 25                    1520 	.db #0x25	; 37
      000612 21                    1521 	.db #0x21	; 33
      000613 21                    1522 	.db #0x21	; 33
      000614 28                    1523 	.db #0x28	; 40
      000615 26                    1524 	.db #0x26	; 38
      000616 49                    1525 	.db #0x49	; 73	'I'
      000617                       1526 _length:
      000617 FA 00 00 00           1527 	.byte #0xfa, #0x00, #0x00, #0x00	;  250
      00061B FA 00 00 00           1528 	.byte #0xfa, #0x00, #0x00, #0x00	;  250
      00061F FA 00 00 00           1529 	.byte #0xfa, #0x00, #0x00, #0x00	;  250
      000623 FA 00 00 00           1530 	.byte #0xfa, #0x00, #0x00, #0x00	;  250
      000627 F4 01 00 00           1531 	.byte #0xf4, #0x01, #0x00, #0x00	;  500
      00062B F4 01 00 00           1532 	.byte #0xf4, #0x01, #0x00, #0x00	;  500
      00062F BC 02 00 00           1533 	.byte #0xbc, #0x02, #0x00, #0x00	;  700
      000633 FA 00 00 00           1534 	.byte #0xfa, #0x00, #0x00, #0x00	;  250
      000637 FA 00 00 00           1535 	.byte #0xfa, #0x00, #0x00, #0x00	;  250
      00063B FA 00 00 00           1536 	.byte #0xfa, #0x00, #0x00, #0x00	;  250
      00063F FA 00 00 00           1537 	.byte #0xfa, #0x00, #0x00, #0x00	;  250
      000643 F4 01 00 00           1538 	.byte #0xf4, #0x01, #0x00, #0x00	;  500
      000647 F4 01 00 00           1539 	.byte #0xf4, #0x01, #0x00, #0x00	;  500
      00064B F4 01 00 00           1540 	.byte #0xf4, #0x01, #0x00, #0x00	;  500
      00064F C8 00 00 00           1541 	.byte #0xc8, #0x00, #0x00, #0x00	;  200
      000653 F4 01 00 00           1542 	.byte #0xf4, #0x01, #0x00, #0x00	;  500
      000657 FA 00 00 00           1543 	.byte #0xfa, #0x00, #0x00, #0x00	;  250
      00065B FA 00 00 00           1544 	.byte #0xfa, #0x00, #0x00, #0x00	;  250
      00065F FA 00 00 00           1545 	.byte #0xfa, #0x00, #0x00, #0x00	;  250
      000663 FA 00 00 00           1546 	.byte #0xfa, #0x00, #0x00, #0x00	;  250
      000667 F4 01 00 00           1547 	.byte #0xf4, #0x01, #0x00, #0x00	;  500
      00066B 2C 01 00 00           1548 	.byte #0x2c, #0x01, #0x00, #0x00	;  300
      00066F F4 01 00 00           1549 	.byte #0xf4, #0x01, #0x00, #0x00	;  500
      000673 F4 01 00 00           1550 	.byte #0xf4, #0x01, #0x00, #0x00	;  500
      000677 2C 01 00 00           1551 	.byte #0x2c, #0x01, #0x00, #0x00	;  300
      00067B F4 01 00 00           1552 	.byte #0xf4, #0x01, #0x00, #0x00	;  500
      00067F 2C 01 00 00           1553 	.byte #0x2c, #0x01, #0x00, #0x00	;  300
                                   1554 	.area _CODE
                                   1555 	.area _INITIALIZER
                                   1556 	.area _CABS (ABS)
