                                      1 ;--------------------------------------------------------
                                      2 ; File Created by SDCC : free open source ANSI-C Compiler
                                      3 ; Version 4.1.6 #12539 (MINGW32)
                                      4 ;--------------------------------------------------------
                                      5 	.module main
                                      6 	.optsdcc -mgbz80
                                      7 	
                                      8 ;--------------------------------------------------------
                                      9 ; Public variables in this module
                                     10 ;--------------------------------------------------------
                                     11 	.globl _main
                                     12 	.globl _set_bkg_tiles
                                     13 	.globl _set_bkg_data
                                     14 	.globl _wait_vbl_done
                                     15 	.globl _joypad
                                     16 	.globl _blankScreen
                                     17 	.globl _helloWorld
                                     18 	.globl _alpha
                                     19 	.globl _init
                                     20 	.globl _updateSwitches
                                     21 	.globl _checkInput
                                     22 ;--------------------------------------------------------
                                     23 ; special function registers
                                     24 ;--------------------------------------------------------
                                     25 ;--------------------------------------------------------
                                     26 ; ram data
                                     27 ;--------------------------------------------------------
                                     28 	.area _DATA
                                     29 ;--------------------------------------------------------
                                     30 ; ram data
                                     31 ;--------------------------------------------------------
                                     32 	.area _INITIALIZED
      000000                         33 _alpha::
      000000                         34 	.ds 768
      000300                         35 _helloWorld::
      000300                         36 	.ds 20
      000314                         37 _blankScreen::
      000314                         38 	.ds 360
                                     39 ;--------------------------------------------------------
                                     40 ; absolute external ram data
                                     41 ;--------------------------------------------------------
                                     42 	.area _DABS (ABS)
                                     43 ;--------------------------------------------------------
                                     44 ; global & static initialisations
                                     45 ;--------------------------------------------------------
                                     46 	.area _HOME
                                     47 	.area _GSINIT
                                     48 	.area _GSFINAL
                                     49 	.area _GSINIT
                                     50 ;--------------------------------------------------------
                                     51 ; Home
                                     52 ;--------------------------------------------------------
                                     53 	.area _HOME
                                     54 	.area _HOME
                                     55 ;--------------------------------------------------------
                                     56 ; code
                                     57 ;--------------------------------------------------------
                                     58 	.area _CODE
                                     59 ;main.c:11: void main() {
                                     60 ;	---------------------------------
                                     61 ; Function main
                                     62 ; ---------------------------------
      000000                         63 _main::
                                     64 ;main.c:13: init();
      000000 CDr0Er00                65 	call	_init
                                     66 ;main.c:15: while(1) {
      000003                         67 00102$:
                                     68 ;main.c:17: checkInput();				// Check for user input (and act on it)
      000003 CDr46r00                69 	call	_checkInput
                                     70 ;main.c:18: updateSwitches();			// Make sure the SHOW_SPRITES and SHOW_BKG switches are on each loop
      000006 CDr33r00                71 	call	_updateSwitches
                                     72 ;main.c:19: wait_vbl_done();			// Wait until VBLANK to avoid corrupting memory
      000009 CDr00r00                73 	call	_wait_vbl_done
                                     74 ;main.c:22: }
      00000C 18 F5                   75 	jr	00102$
                                     76 ;main.c:24: void init() {
                                     77 ;	---------------------------------
                                     78 ; Function init
                                     79 ; ---------------------------------
      00000E                         80 _init::
                                     81 ;main.c:26: DISPLAY_ON;						// Turn on the display
      00000E F0r00                   82 	ldh	a, (_LCDC_REG + 0)
      000010 F6 80                   83 	or	a, #0x80
      000012 E0r00                   84 	ldh	(_LCDC_REG + 0), a
                                     85 ;main.c:27: set_bkg_data(0, 47, alpha);		// Load 47 tiles into background memory
      000014 11r00r00                86 	ld	de, #_alpha
      000017 D5                      87 	push	de
      000018 21 00 2F                88 	ld	hl, #0x2f00
      00001B E5                      89 	push	hl
      00001C CDr00r00                90 	call	_set_bkg_data
      00001F E8 04                   91 	add	sp, #4
                                     92 ;main.c:32: set_bkg_tiles(0,6,10,2,helloWorld);			
      000021 11r00r03                93 	ld	de, #_helloWorld
      000024 D5                      94 	push	de
      000025 21 0A 02                95 	ld	hl, #0x20a
      000028 E5                      96 	push	hl
      000029 21 00 06                97 	ld	hl, #0x600
      00002C E5                      98 	push	hl
      00002D CDr00r00                99 	call	_set_bkg_tiles
      000030 E8 06                  100 	add	sp, #6
                                    101 ;main.c:34: }
      000032 C9                     102 	ret
                                    103 ;main.c:36: void updateSwitches() {
                                    104 ;	---------------------------------
                                    105 ; Function updateSwitches
                                    106 ; ---------------------------------
      000033                        107 _updateSwitches::
                                    108 ;main.c:38: HIDE_WIN;
      000033 F0r00                  109 	ldh	a, (_LCDC_REG + 0)
      000035 E6 DF                  110 	and	a, #0xdf
      000037 E0r00                  111 	ldh	(_LCDC_REG + 0), a
                                    112 ;main.c:39: SHOW_SPRITES;
      000039 F0r00                  113 	ldh	a, (_LCDC_REG + 0)
      00003B F6 02                  114 	or	a, #0x02
      00003D E0r00                  115 	ldh	(_LCDC_REG + 0), a
                                    116 ;main.c:40: SHOW_BKG;
      00003F F0r00                  117 	ldh	a, (_LCDC_REG + 0)
      000041 F6 01                  118 	or	a, #0x01
      000043 E0r00                  119 	ldh	(_LCDC_REG + 0), a
                                    120 ;main.c:42: }
      000045 C9                     121 	ret
                                    122 ;main.c:44: void checkInput() {
                                    123 ;	---------------------------------
                                    124 ; Function checkInput
                                    125 ; ---------------------------------
      000046                        126 _checkInput::
                                    127 ;main.c:46: if (joypad() & J_B) {
      000046 CDr00r00               128 	call	_joypad
      000049 CB 6B                  129 	bit	5, e
      00004B C8                     130 	ret	Z
                                    131 ;main.c:48: set_bkg_tiles(0,0,20,18,blankScreen);
      00004C 11r14r03               132 	ld	de, #_blankScreen
      00004F D5                     133 	push	de
      000050 21 14 12               134 	ld	hl, #0x1214
      000053 E5                     135 	push	hl
      000054 AF                     136 	xor	a, a
      000055 0F                     137 	rrca
      000056 F5                     138 	push	af
      000057 CDr00r00               139 	call	_set_bkg_tiles
      00005A E8 06                  140 	add	sp, #6
                                    141 ;main.c:51: }
      00005C C9                     142 	ret
                                    143 	.area _CODE
                                    144 	.area _INITIALIZER
      000000                        145 __xinit__alpha:
      000000 7C                     146 	.db #0x7c	; 124
      000001 7C                     147 	.db #0x7c	; 124
      000002 86                     148 	.db #0x86	; 134
      000003 86                     149 	.db #0x86	; 134
      000004 8A                     150 	.db #0x8a	; 138
      000005 8A                     151 	.db #0x8a	; 138
      000006 92                     152 	.db #0x92	; 146
      000007 92                     153 	.db #0x92	; 146
      000008 A2                     154 	.db #0xa2	; 162
      000009 A2                     155 	.db #0xa2	; 162
      00000A C2                     156 	.db #0xc2	; 194
      00000B C2                     157 	.db #0xc2	; 194
      00000C 7C                     158 	.db #0x7c	; 124
      00000D 7C                     159 	.db #0x7c	; 124
      00000E 00                     160 	.db #0x00	; 0
      00000F 00                     161 	.db #0x00	; 0
      000010 10                     162 	.db #0x10	; 16
      000011 10                     163 	.db #0x10	; 16
      000012 30                     164 	.db #0x30	; 48	'0'
      000013 30                     165 	.db #0x30	; 48	'0'
      000014 10                     166 	.db #0x10	; 16
      000015 10                     167 	.db #0x10	; 16
      000016 10                     168 	.db #0x10	; 16
      000017 10                     169 	.db #0x10	; 16
      000018 10                     170 	.db #0x10	; 16
      000019 10                     171 	.db #0x10	; 16
      00001A 10                     172 	.db #0x10	; 16
      00001B 10                     173 	.db #0x10	; 16
      00001C 7C                     174 	.db #0x7c	; 124
      00001D 7C                     175 	.db #0x7c	; 124
      00001E 00                     176 	.db #0x00	; 0
      00001F 00                     177 	.db #0x00	; 0
      000020 7C                     178 	.db #0x7c	; 124
      000021 7C                     179 	.db #0x7c	; 124
      000022 82                     180 	.db #0x82	; 130
      000023 82                     181 	.db #0x82	; 130
      000024 02                     182 	.db #0x02	; 2
      000025 02                     183 	.db #0x02	; 2
      000026 1C                     184 	.db #0x1c	; 28
      000027 1C                     185 	.db #0x1c	; 28
      000028 60                     186 	.db #0x60	; 96
      000029 60                     187 	.db #0x60	; 96
      00002A 80                     188 	.db #0x80	; 128
      00002B 80                     189 	.db #0x80	; 128
      00002C FE                     190 	.db #0xfe	; 254
      00002D FE                     191 	.db #0xfe	; 254
      00002E 00                     192 	.db #0x00	; 0
      00002F 00                     193 	.db #0x00	; 0
      000030 FE                     194 	.db #0xfe	; 254
      000031 FE                     195 	.db #0xfe	; 254
      000032 04                     196 	.db #0x04	; 4
      000033 04                     197 	.db #0x04	; 4
      000034 18                     198 	.db #0x18	; 24
      000035 18                     199 	.db #0x18	; 24
      000036 04                     200 	.db #0x04	; 4
      000037 04                     201 	.db #0x04	; 4
      000038 02                     202 	.db #0x02	; 2
      000039 02                     203 	.db #0x02	; 2
      00003A 82                     204 	.db #0x82	; 130
      00003B 82                     205 	.db #0x82	; 130
      00003C 7C                     206 	.db #0x7c	; 124
      00003D 7C                     207 	.db #0x7c	; 124
      00003E 00                     208 	.db #0x00	; 0
      00003F 00                     209 	.db #0x00	; 0
      000040 0C                     210 	.db #0x0c	; 12
      000041 0C                     211 	.db #0x0c	; 12
      000042 14                     212 	.db #0x14	; 20
      000043 14                     213 	.db #0x14	; 20
      000044 24                     214 	.db #0x24	; 36
      000045 24                     215 	.db #0x24	; 36
      000046 44                     216 	.db #0x44	; 68	'D'
      000047 44                     217 	.db #0x44	; 68	'D'
      000048 84                     218 	.db #0x84	; 132
      000049 84                     219 	.db #0x84	; 132
      00004A FE                     220 	.db #0xfe	; 254
      00004B FE                     221 	.db #0xfe	; 254
      00004C 04                     222 	.db #0x04	; 4
      00004D 04                     223 	.db #0x04	; 4
      00004E 00                     224 	.db #0x00	; 0
      00004F 00                     225 	.db #0x00	; 0
      000050 FC                     226 	.db #0xfc	; 252
      000051 FC                     227 	.db #0xfc	; 252
      000052 80                     228 	.db #0x80	; 128
      000053 80                     229 	.db #0x80	; 128
      000054 FC                     230 	.db #0xfc	; 252
      000055 FC                     231 	.db #0xfc	; 252
      000056 02                     232 	.db #0x02	; 2
      000057 02                     233 	.db #0x02	; 2
      000058 02                     234 	.db #0x02	; 2
      000059 02                     235 	.db #0x02	; 2
      00005A 82                     236 	.db #0x82	; 130
      00005B 82                     237 	.db #0x82	; 130
      00005C 7C                     238 	.db #0x7c	; 124
      00005D 7C                     239 	.db #0x7c	; 124
      00005E 00                     240 	.db #0x00	; 0
      00005F 00                     241 	.db #0x00	; 0
      000060 7C                     242 	.db #0x7c	; 124
      000061 7C                     243 	.db #0x7c	; 124
      000062 80                     244 	.db #0x80	; 128
      000063 80                     245 	.db #0x80	; 128
      000064 80                     246 	.db #0x80	; 128
      000065 80                     247 	.db #0x80	; 128
      000066 FC                     248 	.db #0xfc	; 252
      000067 FC                     249 	.db #0xfc	; 252
      000068 82                     250 	.db #0x82	; 130
      000069 82                     251 	.db #0x82	; 130
      00006A 82                     252 	.db #0x82	; 130
      00006B 82                     253 	.db #0x82	; 130
      00006C 7C                     254 	.db #0x7c	; 124
      00006D 7C                     255 	.db #0x7c	; 124
      00006E 00                     256 	.db #0x00	; 0
      00006F 00                     257 	.db #0x00	; 0
      000070 FE                     258 	.db #0xfe	; 254
      000071 FE                     259 	.db #0xfe	; 254
      000072 82                     260 	.db #0x82	; 130
      000073 82                     261 	.db #0x82	; 130
      000074 04                     262 	.db #0x04	; 4
      000075 04                     263 	.db #0x04	; 4
      000076 08                     264 	.db #0x08	; 8
      000077 08                     265 	.db #0x08	; 8
      000078 10                     266 	.db #0x10	; 16
      000079 10                     267 	.db #0x10	; 16
      00007A 10                     268 	.db #0x10	; 16
      00007B 10                     269 	.db #0x10	; 16
      00007C 10                     270 	.db #0x10	; 16
      00007D 10                     271 	.db #0x10	; 16
      00007E 00                     272 	.db #0x00	; 0
      00007F 00                     273 	.db #0x00	; 0
      000080 7C                     274 	.db #0x7c	; 124
      000081 7C                     275 	.db #0x7c	; 124
      000082 82                     276 	.db #0x82	; 130
      000083 82                     277 	.db #0x82	; 130
      000084 82                     278 	.db #0x82	; 130
      000085 82                     279 	.db #0x82	; 130
      000086 7C                     280 	.db #0x7c	; 124
      000087 7C                     281 	.db #0x7c	; 124
      000088 82                     282 	.db #0x82	; 130
      000089 82                     283 	.db #0x82	; 130
      00008A 82                     284 	.db #0x82	; 130
      00008B 82                     285 	.db #0x82	; 130
      00008C 7C                     286 	.db #0x7c	; 124
      00008D 7C                     287 	.db #0x7c	; 124
      00008E 00                     288 	.db #0x00	; 0
      00008F 00                     289 	.db #0x00	; 0
      000090 7C                     290 	.db #0x7c	; 124
      000091 7C                     291 	.db #0x7c	; 124
      000092 82                     292 	.db #0x82	; 130
      000093 82                     293 	.db #0x82	; 130
      000094 82                     294 	.db #0x82	; 130
      000095 82                     295 	.db #0x82	; 130
      000096 7E                     296 	.db #0x7e	; 126
      000097 7E                     297 	.db #0x7e	; 126
      000098 02                     298 	.db #0x02	; 2
      000099 02                     299 	.db #0x02	; 2
      00009A 02                     300 	.db #0x02	; 2
      00009B 02                     301 	.db #0x02	; 2
      00009C 7C                     302 	.db #0x7c	; 124
      00009D 7C                     303 	.db #0x7c	; 124
      00009E 00                     304 	.db #0x00	; 0
      00009F 00                     305 	.db #0x00	; 0
      0000A0 00                     306 	.db #0x00	; 0
      0000A1 00                     307 	.db #0x00	; 0
      0000A2 30                     308 	.db #0x30	; 48	'0'
      0000A3 30                     309 	.db #0x30	; 48	'0'
      0000A4 30                     310 	.db #0x30	; 48	'0'
      0000A5 30                     311 	.db #0x30	; 48	'0'
      0000A6 00                     312 	.db #0x00	; 0
      0000A7 00                     313 	.db #0x00	; 0
      0000A8 30                     314 	.db #0x30	; 48	'0'
      0000A9 30                     315 	.db #0x30	; 48	'0'
      0000AA 30                     316 	.db #0x30	; 48	'0'
      0000AB 30                     317 	.db #0x30	; 48	'0'
      0000AC 00                     318 	.db #0x00	; 0
      0000AD 00                     319 	.db #0x00	; 0
      0000AE 00                     320 	.db #0x00	; 0
      0000AF 00                     321 	.db #0x00	; 0
      0000B0 00                     322 	.db #0x00	; 0
      0000B1 00                     323 	.db #0x00	; 0
      0000B2 30                     324 	.db #0x30	; 48	'0'
      0000B3 30                     325 	.db #0x30	; 48	'0'
      0000B4 30                     326 	.db #0x30	; 48	'0'
      0000B5 30                     327 	.db #0x30	; 48	'0'
      0000B6 00                     328 	.db #0x00	; 0
      0000B7 00                     329 	.db #0x00	; 0
      0000B8 30                     330 	.db #0x30	; 48	'0'
      0000B9 30                     331 	.db #0x30	; 48	'0'
      0000BA 10                     332 	.db #0x10	; 16
      0000BB 10                     333 	.db #0x10	; 16
      0000BC 20                     334 	.db #0x20	; 32
      0000BD 20                     335 	.db #0x20	; 32
      0000BE 00                     336 	.db #0x00	; 0
      0000BF 00                     337 	.db #0x00	; 0
      0000C0 00                     338 	.db #0x00	; 0
      0000C1 00                     339 	.db #0x00	; 0
      0000C2 00                     340 	.db #0x00	; 0
      0000C3 00                     341 	.db #0x00	; 0
      0000C4 00                     342 	.db #0x00	; 0
      0000C5 00                     343 	.db #0x00	; 0
      0000C6 00                     344 	.db #0x00	; 0
      0000C7 00                     345 	.db #0x00	; 0
      0000C8 18                     346 	.db #0x18	; 24
      0000C9 18                     347 	.db #0x18	; 24
      0000CA 08                     348 	.db #0x08	; 8
      0000CB 08                     349 	.db #0x08	; 8
      0000CC 10                     350 	.db #0x10	; 16
      0000CD 10                     351 	.db #0x10	; 16
      0000CE 00                     352 	.db #0x00	; 0
      0000CF 00                     353 	.db #0x00	; 0
      0000D0 00                     354 	.db #0x00	; 0
      0000D1 00                     355 	.db #0x00	; 0
      0000D2 00                     356 	.db #0x00	; 0
      0000D3 00                     357 	.db #0x00	; 0
      0000D4 00                     358 	.db #0x00	; 0
      0000D5 00                     359 	.db #0x00	; 0
      0000D6 3E                     360 	.db #0x3e	; 62
      0000D7 3E                     361 	.db #0x3e	; 62
      0000D8 00                     362 	.db #0x00	; 0
      0000D9 00                     363 	.db #0x00	; 0
      0000DA 00                     364 	.db #0x00	; 0
      0000DB 00                     365 	.db #0x00	; 0
      0000DC 00                     366 	.db #0x00	; 0
      0000DD 00                     367 	.db #0x00	; 0
      0000DE 00                     368 	.db #0x00	; 0
      0000DF 00                     369 	.db #0x00	; 0
      0000E0 00                     370 	.db #0x00	; 0
      0000E1 00                     371 	.db #0x00	; 0
      0000E2 00                     372 	.db #0x00	; 0
      0000E3 00                     373 	.db #0x00	; 0
      0000E4 00                     374 	.db #0x00	; 0
      0000E5 00                     375 	.db #0x00	; 0
      0000E6 00                     376 	.db #0x00	; 0
      0000E7 00                     377 	.db #0x00	; 0
      0000E8 00                     378 	.db #0x00	; 0
      0000E9 00                     379 	.db #0x00	; 0
      0000EA 18                     380 	.db #0x18	; 24
      0000EB 18                     381 	.db #0x18	; 24
      0000EC 18                     382 	.db #0x18	; 24
      0000ED 18                     383 	.db #0x18	; 24
      0000EE 00                     384 	.db #0x00	; 0
      0000EF 00                     385 	.db #0x00	; 0
      0000F0 01                     386 	.db #0x01	; 1
      0000F1 01                     387 	.db #0x01	; 1
      0000F2 02                     388 	.db #0x02	; 2
      0000F3 02                     389 	.db #0x02	; 2
      0000F4 04                     390 	.db #0x04	; 4
      0000F5 04                     391 	.db #0x04	; 4
      0000F6 08                     392 	.db #0x08	; 8
      0000F7 08                     393 	.db #0x08	; 8
      0000F8 10                     394 	.db #0x10	; 16
      0000F9 10                     395 	.db #0x10	; 16
      0000FA 20                     396 	.db #0x20	; 32
      0000FB 20                     397 	.db #0x20	; 32
      0000FC 40                     398 	.db #0x40	; 64
      0000FD 40                     399 	.db #0x40	; 64
      0000FE 00                     400 	.db #0x00	; 0
      0000FF 00                     401 	.db #0x00	; 0
      000100 7C                     402 	.db #0x7c	; 124
      000101 7C                     403 	.db #0x7c	; 124
      000102 82                     404 	.db #0x82	; 130
      000103 82                     405 	.db #0x82	; 130
      000104 9A                     406 	.db #0x9a	; 154
      000105 9A                     407 	.db #0x9a	; 154
      000106 AA                     408 	.db #0xaa	; 170
      000107 AA                     409 	.db #0xaa	; 170
      000108 BC                     410 	.db #0xbc	; 188
      000109 BC                     411 	.db #0xbc	; 188
      00010A 80                     412 	.db #0x80	; 128
      00010B 80                     413 	.db #0x80	; 128
      00010C 7C                     414 	.db #0x7c	; 124
      00010D 7C                     415 	.db #0x7c	; 124
      00010E 00                     416 	.db #0x00	; 0
      00010F 00                     417 	.db #0x00	; 0
      000110 38                     418 	.db #0x38	; 56	'8'
      000111 38                     419 	.db #0x38	; 56	'8'
      000112 44                     420 	.db #0x44	; 68	'D'
      000113 44                     421 	.db #0x44	; 68	'D'
      000114 82                     422 	.db #0x82	; 130
      000115 82                     423 	.db #0x82	; 130
      000116 82                     424 	.db #0x82	; 130
      000117 82                     425 	.db #0x82	; 130
      000118 FE                     426 	.db #0xfe	; 254
      000119 FE                     427 	.db #0xfe	; 254
      00011A 82                     428 	.db #0x82	; 130
      00011B 82                     429 	.db #0x82	; 130
      00011C 82                     430 	.db #0x82	; 130
      00011D 82                     431 	.db #0x82	; 130
      00011E 00                     432 	.db #0x00	; 0
      00011F 00                     433 	.db #0x00	; 0
      000120 FC                     434 	.db #0xfc	; 252
      000121 FC                     435 	.db #0xfc	; 252
      000122 82                     436 	.db #0x82	; 130
      000123 82                     437 	.db #0x82	; 130
      000124 82                     438 	.db #0x82	; 130
      000125 82                     439 	.db #0x82	; 130
      000126 FC                     440 	.db #0xfc	; 252
      000127 FC                     441 	.db #0xfc	; 252
      000128 82                     442 	.db #0x82	; 130
      000129 82                     443 	.db #0x82	; 130
      00012A 82                     444 	.db #0x82	; 130
      00012B 82                     445 	.db #0x82	; 130
      00012C FC                     446 	.db #0xfc	; 252
      00012D FC                     447 	.db #0xfc	; 252
      00012E 00                     448 	.db #0x00	; 0
      00012F 00                     449 	.db #0x00	; 0
      000130 7C                     450 	.db #0x7c	; 124
      000131 7C                     451 	.db #0x7c	; 124
      000132 82                     452 	.db #0x82	; 130
      000133 82                     453 	.db #0x82	; 130
      000134 80                     454 	.db #0x80	; 128
      000135 80                     455 	.db #0x80	; 128
      000136 80                     456 	.db #0x80	; 128
      000137 80                     457 	.db #0x80	; 128
      000138 80                     458 	.db #0x80	; 128
      000139 80                     459 	.db #0x80	; 128
      00013A 82                     460 	.db #0x82	; 130
      00013B 82                     461 	.db #0x82	; 130
      00013C 7C                     462 	.db #0x7c	; 124
      00013D 7C                     463 	.db #0x7c	; 124
      00013E 00                     464 	.db #0x00	; 0
      00013F 00                     465 	.db #0x00	; 0
      000140 F8                     466 	.db #0xf8	; 248
      000141 F8                     467 	.db #0xf8	; 248
      000142 84                     468 	.db #0x84	; 132
      000143 84                     469 	.db #0x84	; 132
      000144 82                     470 	.db #0x82	; 130
      000145 82                     471 	.db #0x82	; 130
      000146 82                     472 	.db #0x82	; 130
      000147 82                     473 	.db #0x82	; 130
      000148 82                     474 	.db #0x82	; 130
      000149 82                     475 	.db #0x82	; 130
      00014A 84                     476 	.db #0x84	; 132
      00014B 84                     477 	.db #0x84	; 132
      00014C F8                     478 	.db #0xf8	; 248
      00014D F8                     479 	.db #0xf8	; 248
      00014E 00                     480 	.db #0x00	; 0
      00014F 00                     481 	.db #0x00	; 0
      000150 FE                     482 	.db #0xfe	; 254
      000151 FE                     483 	.db #0xfe	; 254
      000152 80                     484 	.db #0x80	; 128
      000153 80                     485 	.db #0x80	; 128
      000154 80                     486 	.db #0x80	; 128
      000155 80                     487 	.db #0x80	; 128
      000156 FC                     488 	.db #0xfc	; 252
      000157 FC                     489 	.db #0xfc	; 252
      000158 80                     490 	.db #0x80	; 128
      000159 80                     491 	.db #0x80	; 128
      00015A 80                     492 	.db #0x80	; 128
      00015B 80                     493 	.db #0x80	; 128
      00015C FE                     494 	.db #0xfe	; 254
      00015D FE                     495 	.db #0xfe	; 254
      00015E 00                     496 	.db #0x00	; 0
      00015F 00                     497 	.db #0x00	; 0
      000160 FE                     498 	.db #0xfe	; 254
      000161 FE                     499 	.db #0xfe	; 254
      000162 80                     500 	.db #0x80	; 128
      000163 80                     501 	.db #0x80	; 128
      000164 80                     502 	.db #0x80	; 128
      000165 80                     503 	.db #0x80	; 128
      000166 FC                     504 	.db #0xfc	; 252
      000167 FC                     505 	.db #0xfc	; 252
      000168 80                     506 	.db #0x80	; 128
      000169 80                     507 	.db #0x80	; 128
      00016A 80                     508 	.db #0x80	; 128
      00016B 80                     509 	.db #0x80	; 128
      00016C 80                     510 	.db #0x80	; 128
      00016D 80                     511 	.db #0x80	; 128
      00016E 00                     512 	.db #0x00	; 0
      00016F 00                     513 	.db #0x00	; 0
      000170 7C                     514 	.db #0x7c	; 124
      000171 7C                     515 	.db #0x7c	; 124
      000172 82                     516 	.db #0x82	; 130
      000173 82                     517 	.db #0x82	; 130
      000174 80                     518 	.db #0x80	; 128
      000175 80                     519 	.db #0x80	; 128
      000176 80                     520 	.db #0x80	; 128
      000177 80                     521 	.db #0x80	; 128
      000178 8E                     522 	.db #0x8e	; 142
      000179 8E                     523 	.db #0x8e	; 142
      00017A 82                     524 	.db #0x82	; 130
      00017B 82                     525 	.db #0x82	; 130
      00017C 7E                     526 	.db #0x7e	; 126
      00017D 7E                     527 	.db #0x7e	; 126
      00017E 00                     528 	.db #0x00	; 0
      00017F 00                     529 	.db #0x00	; 0
      000180 82                     530 	.db #0x82	; 130
      000181 82                     531 	.db #0x82	; 130
      000182 82                     532 	.db #0x82	; 130
      000183 82                     533 	.db #0x82	; 130
      000184 82                     534 	.db #0x82	; 130
      000185 82                     535 	.db #0x82	; 130
      000186 FE                     536 	.db #0xfe	; 254
      000187 FE                     537 	.db #0xfe	; 254
      000188 82                     538 	.db #0x82	; 130
      000189 82                     539 	.db #0x82	; 130
      00018A 82                     540 	.db #0x82	; 130
      00018B 82                     541 	.db #0x82	; 130
      00018C 82                     542 	.db #0x82	; 130
      00018D 82                     543 	.db #0x82	; 130
      00018E 00                     544 	.db #0x00	; 0
      00018F 00                     545 	.db #0x00	; 0
      000190 7C                     546 	.db #0x7c	; 124
      000191 7C                     547 	.db #0x7c	; 124
      000192 10                     548 	.db #0x10	; 16
      000193 10                     549 	.db #0x10	; 16
      000194 10                     550 	.db #0x10	; 16
      000195 10                     551 	.db #0x10	; 16
      000196 10                     552 	.db #0x10	; 16
      000197 10                     553 	.db #0x10	; 16
      000198 10                     554 	.db #0x10	; 16
      000199 10                     555 	.db #0x10	; 16
      00019A 10                     556 	.db #0x10	; 16
      00019B 10                     557 	.db #0x10	; 16
      00019C 7C                     558 	.db #0x7c	; 124
      00019D 7C                     559 	.db #0x7c	; 124
      00019E 00                     560 	.db #0x00	; 0
      00019F 00                     561 	.db #0x00	; 0
      0001A0 1E                     562 	.db #0x1e	; 30
      0001A1 1E                     563 	.db #0x1e	; 30
      0001A2 04                     564 	.db #0x04	; 4
      0001A3 04                     565 	.db #0x04	; 4
      0001A4 04                     566 	.db #0x04	; 4
      0001A5 04                     567 	.db #0x04	; 4
      0001A6 04                     568 	.db #0x04	; 4
      0001A7 04                     569 	.db #0x04	; 4
      0001A8 04                     570 	.db #0x04	; 4
      0001A9 04                     571 	.db #0x04	; 4
      0001AA 84                     572 	.db #0x84	; 132
      0001AB 84                     573 	.db #0x84	; 132
      0001AC 78                     574 	.db #0x78	; 120	'x'
      0001AD 78                     575 	.db #0x78	; 120	'x'
      0001AE 00                     576 	.db #0x00	; 0
      0001AF 00                     577 	.db #0x00	; 0
      0001B0 84                     578 	.db #0x84	; 132
      0001B1 84                     579 	.db #0x84	; 132
      0001B2 88                     580 	.db #0x88	; 136
      0001B3 88                     581 	.db #0x88	; 136
      0001B4 90                     582 	.db #0x90	; 144
      0001B5 90                     583 	.db #0x90	; 144
      0001B6 F0                     584 	.db #0xf0	; 240
      0001B7 F0                     585 	.db #0xf0	; 240
      0001B8 88                     586 	.db #0x88	; 136
      0001B9 88                     587 	.db #0x88	; 136
      0001BA 84                     588 	.db #0x84	; 132
      0001BB 84                     589 	.db #0x84	; 132
      0001BC 82                     590 	.db #0x82	; 130
      0001BD 82                     591 	.db #0x82	; 130
      0001BE 00                     592 	.db #0x00	; 0
      0001BF 00                     593 	.db #0x00	; 0
      0001C0 40                     594 	.db #0x40	; 64
      0001C1 40                     595 	.db #0x40	; 64
      0001C2 40                     596 	.db #0x40	; 64
      0001C3 40                     597 	.db #0x40	; 64
      0001C4 40                     598 	.db #0x40	; 64
      0001C5 40                     599 	.db #0x40	; 64
      0001C6 40                     600 	.db #0x40	; 64
      0001C7 40                     601 	.db #0x40	; 64
      0001C8 40                     602 	.db #0x40	; 64
      0001C9 40                     603 	.db #0x40	; 64
      0001CA 40                     604 	.db #0x40	; 64
      0001CB 40                     605 	.db #0x40	; 64
      0001CC 7E                     606 	.db #0x7e	; 126
      0001CD 7E                     607 	.db #0x7e	; 126
      0001CE 00                     608 	.db #0x00	; 0
      0001CF 00                     609 	.db #0x00	; 0
      0001D0 82                     610 	.db #0x82	; 130
      0001D1 82                     611 	.db #0x82	; 130
      0001D2 C6                     612 	.db #0xc6	; 198
      0001D3 C6                     613 	.db #0xc6	; 198
      0001D4 AA                     614 	.db #0xaa	; 170
      0001D5 AA                     615 	.db #0xaa	; 170
      0001D6 92                     616 	.db #0x92	; 146
      0001D7 92                     617 	.db #0x92	; 146
      0001D8 82                     618 	.db #0x82	; 130
      0001D9 82                     619 	.db #0x82	; 130
      0001DA 82                     620 	.db #0x82	; 130
      0001DB 82                     621 	.db #0x82	; 130
      0001DC 82                     622 	.db #0x82	; 130
      0001DD 82                     623 	.db #0x82	; 130
      0001DE 00                     624 	.db #0x00	; 0
      0001DF 00                     625 	.db #0x00	; 0
      0001E0 82                     626 	.db #0x82	; 130
      0001E1 82                     627 	.db #0x82	; 130
      0001E2 C2                     628 	.db #0xc2	; 194
      0001E3 C2                     629 	.db #0xc2	; 194
      0001E4 A2                     630 	.db #0xa2	; 162
      0001E5 A2                     631 	.db #0xa2	; 162
      0001E6 92                     632 	.db #0x92	; 146
      0001E7 92                     633 	.db #0x92	; 146
      0001E8 8A                     634 	.db #0x8a	; 138
      0001E9 8A                     635 	.db #0x8a	; 138
      0001EA 86                     636 	.db #0x86	; 134
      0001EB 86                     637 	.db #0x86	; 134
      0001EC 82                     638 	.db #0x82	; 130
      0001ED 82                     639 	.db #0x82	; 130
      0001EE 00                     640 	.db #0x00	; 0
      0001EF 00                     641 	.db #0x00	; 0
      0001F0 7C                     642 	.db #0x7c	; 124
      0001F1 7C                     643 	.db #0x7c	; 124
      0001F2 82                     644 	.db #0x82	; 130
      0001F3 82                     645 	.db #0x82	; 130
      0001F4 82                     646 	.db #0x82	; 130
      0001F5 82                     647 	.db #0x82	; 130
      0001F6 82                     648 	.db #0x82	; 130
      0001F7 82                     649 	.db #0x82	; 130
      0001F8 82                     650 	.db #0x82	; 130
      0001F9 82                     651 	.db #0x82	; 130
      0001FA 82                     652 	.db #0x82	; 130
      0001FB 82                     653 	.db #0x82	; 130
      0001FC 7C                     654 	.db #0x7c	; 124
      0001FD 7C                     655 	.db #0x7c	; 124
      0001FE 00                     656 	.db #0x00	; 0
      0001FF 00                     657 	.db #0x00	; 0
      000200 FC                     658 	.db #0xfc	; 252
      000201 FC                     659 	.db #0xfc	; 252
      000202 82                     660 	.db #0x82	; 130
      000203 82                     661 	.db #0x82	; 130
      000204 82                     662 	.db #0x82	; 130
      000205 82                     663 	.db #0x82	; 130
      000206 82                     664 	.db #0x82	; 130
      000207 82                     665 	.db #0x82	; 130
      000208 FC                     666 	.db #0xfc	; 252
      000209 FC                     667 	.db #0xfc	; 252
      00020A 80                     668 	.db #0x80	; 128
      00020B 80                     669 	.db #0x80	; 128
      00020C 80                     670 	.db #0x80	; 128
      00020D 80                     671 	.db #0x80	; 128
      00020E 00                     672 	.db #0x00	; 0
      00020F 00                     673 	.db #0x00	; 0
      000210 7C                     674 	.db #0x7c	; 124
      000211 7C                     675 	.db #0x7c	; 124
      000212 82                     676 	.db #0x82	; 130
      000213 82                     677 	.db #0x82	; 130
      000214 82                     678 	.db #0x82	; 130
      000215 82                     679 	.db #0x82	; 130
      000216 92                     680 	.db #0x92	; 146
      000217 92                     681 	.db #0x92	; 146
      000218 8A                     682 	.db #0x8a	; 138
      000219 8A                     683 	.db #0x8a	; 138
      00021A 84                     684 	.db #0x84	; 132
      00021B 84                     685 	.db #0x84	; 132
      00021C 7A                     686 	.db #0x7a	; 122	'z'
      00021D 7A                     687 	.db #0x7a	; 122	'z'
      00021E 00                     688 	.db #0x00	; 0
      00021F 00                     689 	.db #0x00	; 0
      000220 FC                     690 	.db #0xfc	; 252
      000221 FC                     691 	.db #0xfc	; 252
      000222 82                     692 	.db #0x82	; 130
      000223 82                     693 	.db #0x82	; 130
      000224 82                     694 	.db #0x82	; 130
      000225 82                     695 	.db #0x82	; 130
      000226 84                     696 	.db #0x84	; 132
      000227 84                     697 	.db #0x84	; 132
      000228 F8                     698 	.db #0xf8	; 248
      000229 F8                     699 	.db #0xf8	; 248
      00022A 84                     700 	.db #0x84	; 132
      00022B 84                     701 	.db #0x84	; 132
      00022C 82                     702 	.db #0x82	; 130
      00022D 82                     703 	.db #0x82	; 130
      00022E 00                     704 	.db #0x00	; 0
      00022F 00                     705 	.db #0x00	; 0
      000230 7C                     706 	.db #0x7c	; 124
      000231 7C                     707 	.db #0x7c	; 124
      000232 80                     708 	.db #0x80	; 128
      000233 80                     709 	.db #0x80	; 128
      000234 80                     710 	.db #0x80	; 128
      000235 80                     711 	.db #0x80	; 128
      000236 7C                     712 	.db #0x7c	; 124
      000237 7C                     713 	.db #0x7c	; 124
      000238 02                     714 	.db #0x02	; 2
      000239 02                     715 	.db #0x02	; 2
      00023A 02                     716 	.db #0x02	; 2
      00023B 02                     717 	.db #0x02	; 2
      00023C FC                     718 	.db #0xfc	; 252
      00023D FC                     719 	.db #0xfc	; 252
      00023E 00                     720 	.db #0x00	; 0
      00023F 00                     721 	.db #0x00	; 0
      000240 FE                     722 	.db #0xfe	; 254
      000241 FE                     723 	.db #0xfe	; 254
      000242 10                     724 	.db #0x10	; 16
      000243 10                     725 	.db #0x10	; 16
      000244 10                     726 	.db #0x10	; 16
      000245 10                     727 	.db #0x10	; 16
      000246 10                     728 	.db #0x10	; 16
      000247 10                     729 	.db #0x10	; 16
      000248 10                     730 	.db #0x10	; 16
      000249 10                     731 	.db #0x10	; 16
      00024A 10                     732 	.db #0x10	; 16
      00024B 10                     733 	.db #0x10	; 16
      00024C 10                     734 	.db #0x10	; 16
      00024D 10                     735 	.db #0x10	; 16
      00024E 00                     736 	.db #0x00	; 0
      00024F 00                     737 	.db #0x00	; 0
      000250 82                     738 	.db #0x82	; 130
      000251 82                     739 	.db #0x82	; 130
      000252 82                     740 	.db #0x82	; 130
      000253 82                     741 	.db #0x82	; 130
      000254 82                     742 	.db #0x82	; 130
      000255 82                     743 	.db #0x82	; 130
      000256 82                     744 	.db #0x82	; 130
      000257 82                     745 	.db #0x82	; 130
      000258 82                     746 	.db #0x82	; 130
      000259 82                     747 	.db #0x82	; 130
      00025A 82                     748 	.db #0x82	; 130
      00025B 82                     749 	.db #0x82	; 130
      00025C 7C                     750 	.db #0x7c	; 124
      00025D 7C                     751 	.db #0x7c	; 124
      00025E 00                     752 	.db #0x00	; 0
      00025F 00                     753 	.db #0x00	; 0
      000260 82                     754 	.db #0x82	; 130
      000261 82                     755 	.db #0x82	; 130
      000262 82                     756 	.db #0x82	; 130
      000263 82                     757 	.db #0x82	; 130
      000264 82                     758 	.db #0x82	; 130
      000265 82                     759 	.db #0x82	; 130
      000266 82                     760 	.db #0x82	; 130
      000267 82                     761 	.db #0x82	; 130
      000268 44                     762 	.db #0x44	; 68	'D'
      000269 44                     763 	.db #0x44	; 68	'D'
      00026A 28                     764 	.db #0x28	; 40
      00026B 28                     765 	.db #0x28	; 40
      00026C 10                     766 	.db #0x10	; 16
      00026D 10                     767 	.db #0x10	; 16
      00026E 00                     768 	.db #0x00	; 0
      00026F 00                     769 	.db #0x00	; 0
      000270 82                     770 	.db #0x82	; 130
      000271 82                     771 	.db #0x82	; 130
      000272 82                     772 	.db #0x82	; 130
      000273 82                     773 	.db #0x82	; 130
      000274 82                     774 	.db #0x82	; 130
      000275 82                     775 	.db #0x82	; 130
      000276 92                     776 	.db #0x92	; 146
      000277 92                     777 	.db #0x92	; 146
      000278 AA                     778 	.db #0xaa	; 170
      000279 AA                     779 	.db #0xaa	; 170
      00027A C6                     780 	.db #0xc6	; 198
      00027B C6                     781 	.db #0xc6	; 198
      00027C 82                     782 	.db #0x82	; 130
      00027D 82                     783 	.db #0x82	; 130
      00027E 00                     784 	.db #0x00	; 0
      00027F 00                     785 	.db #0x00	; 0
      000280 82                     786 	.db #0x82	; 130
      000281 82                     787 	.db #0x82	; 130
      000282 44                     788 	.db #0x44	; 68	'D'
      000283 44                     789 	.db #0x44	; 68	'D'
      000284 28                     790 	.db #0x28	; 40
      000285 28                     791 	.db #0x28	; 40
      000286 10                     792 	.db #0x10	; 16
      000287 10                     793 	.db #0x10	; 16
      000288 28                     794 	.db #0x28	; 40
      000289 28                     795 	.db #0x28	; 40
      00028A 44                     796 	.db #0x44	; 68	'D'
      00028B 44                     797 	.db #0x44	; 68	'D'
      00028C 82                     798 	.db #0x82	; 130
      00028D 82                     799 	.db #0x82	; 130
      00028E 00                     800 	.db #0x00	; 0
      00028F 00                     801 	.db #0x00	; 0
      000290 82                     802 	.db #0x82	; 130
      000291 82                     803 	.db #0x82	; 130
      000292 44                     804 	.db #0x44	; 68	'D'
      000293 44                     805 	.db #0x44	; 68	'D'
      000294 28                     806 	.db #0x28	; 40
      000295 28                     807 	.db #0x28	; 40
      000296 10                     808 	.db #0x10	; 16
      000297 10                     809 	.db #0x10	; 16
      000298 10                     810 	.db #0x10	; 16
      000299 10                     811 	.db #0x10	; 16
      00029A 10                     812 	.db #0x10	; 16
      00029B 10                     813 	.db #0x10	; 16
      00029C 10                     814 	.db #0x10	; 16
      00029D 10                     815 	.db #0x10	; 16
      00029E 00                     816 	.db #0x00	; 0
      00029F 00                     817 	.db #0x00	; 0
      0002A0 FE                     818 	.db #0xfe	; 254
      0002A1 FE                     819 	.db #0xfe	; 254
      0002A2 04                     820 	.db #0x04	; 4
      0002A3 04                     821 	.db #0x04	; 4
      0002A4 08                     822 	.db #0x08	; 8
      0002A5 08                     823 	.db #0x08	; 8
      0002A6 10                     824 	.db #0x10	; 16
      0002A7 10                     825 	.db #0x10	; 16
      0002A8 20                     826 	.db #0x20	; 32
      0002A9 20                     827 	.db #0x20	; 32
      0002AA 40                     828 	.db #0x40	; 64
      0002AB 40                     829 	.db #0x40	; 64
      0002AC FE                     830 	.db #0xfe	; 254
      0002AD FE                     831 	.db #0xfe	; 254
      0002AE 00                     832 	.db #0x00	; 0
      0002AF 00                     833 	.db #0x00	; 0
      0002B0 1C                     834 	.db #0x1c	; 28
      0002B1 1C                     835 	.db #0x1c	; 28
      0002B2 10                     836 	.db #0x10	; 16
      0002B3 10                     837 	.db #0x10	; 16
      0002B4 10                     838 	.db #0x10	; 16
      0002B5 10                     839 	.db #0x10	; 16
      0002B6 10                     840 	.db #0x10	; 16
      0002B7 10                     841 	.db #0x10	; 16
      0002B8 10                     842 	.db #0x10	; 16
      0002B9 10                     843 	.db #0x10	; 16
      0002BA 10                     844 	.db #0x10	; 16
      0002BB 10                     845 	.db #0x10	; 16
      0002BC 1C                     846 	.db #0x1c	; 28
      0002BD 1C                     847 	.db #0x1c	; 28
      0002BE 00                     848 	.db #0x00	; 0
      0002BF 00                     849 	.db #0x00	; 0
      0002C0 80                     850 	.db #0x80	; 128
      0002C1 80                     851 	.db #0x80	; 128
      0002C2 40                     852 	.db #0x40	; 64
      0002C3 40                     853 	.db #0x40	; 64
      0002C4 20                     854 	.db #0x20	; 32
      0002C5 20                     855 	.db #0x20	; 32
      0002C6 10                     856 	.db #0x10	; 16
      0002C7 10                     857 	.db #0x10	; 16
      0002C8 08                     858 	.db #0x08	; 8
      0002C9 08                     859 	.db #0x08	; 8
      0002CA 04                     860 	.db #0x04	; 4
      0002CB 04                     861 	.db #0x04	; 4
      0002CC 02                     862 	.db #0x02	; 2
      0002CD 02                     863 	.db #0x02	; 2
      0002CE 00                     864 	.db #0x00	; 0
      0002CF 00                     865 	.db #0x00	; 0
      0002D0 70                     866 	.db #0x70	; 112	'p'
      0002D1 70                     867 	.db #0x70	; 112	'p'
      0002D2 10                     868 	.db #0x10	; 16
      0002D3 10                     869 	.db #0x10	; 16
      0002D4 10                     870 	.db #0x10	; 16
      0002D5 10                     871 	.db #0x10	; 16
      0002D6 10                     872 	.db #0x10	; 16
      0002D7 10                     873 	.db #0x10	; 16
      0002D8 10                     874 	.db #0x10	; 16
      0002D9 10                     875 	.db #0x10	; 16
      0002DA 10                     876 	.db #0x10	; 16
      0002DB 10                     877 	.db #0x10	; 16
      0002DC 70                     878 	.db #0x70	; 112	'p'
      0002DD 70                     879 	.db #0x70	; 112	'p'
      0002DE 00                     880 	.db #0x00	; 0
      0002DF 00                     881 	.db #0x00	; 0
      0002E0 10                     882 	.db #0x10	; 16
      0002E1 10                     883 	.db #0x10	; 16
      0002E2 28                     884 	.db #0x28	; 40
      0002E3 28                     885 	.db #0x28	; 40
      0002E4 44                     886 	.db #0x44	; 68	'D'
      0002E5 44                     887 	.db #0x44	; 68	'D'
      0002E6 82                     888 	.db #0x82	; 130
      0002E7 82                     889 	.db #0x82	; 130
      0002E8 00                     890 	.db #0x00	; 0
      0002E9 00                     891 	.db #0x00	; 0
      0002EA 00                     892 	.db #0x00	; 0
      0002EB 00                     893 	.db #0x00	; 0
      0002EC 00                     894 	.db #0x00	; 0
      0002ED 00                     895 	.db #0x00	; 0
      0002EE 00                     896 	.db #0x00	; 0
      0002EF 00                     897 	.db #0x00	; 0
      0002F0 00                     898 	.db #0x00	; 0
      0002F1 00                     899 	.db #0x00	; 0
      0002F2 00                     900 	.db #0x00	; 0
      0002F3 00                     901 	.db #0x00	; 0
      0002F4 00                     902 	.db #0x00	; 0
      0002F5 00                     903 	.db #0x00	; 0
      0002F6 00                     904 	.db #0x00	; 0
      0002F7 00                     905 	.db #0x00	; 0
      0002F8 00                     906 	.db #0x00	; 0
      0002F9 00                     907 	.db #0x00	; 0
      0002FA 00                     908 	.db #0x00	; 0
      0002FB 00                     909 	.db #0x00	; 0
      0002FC FE                     910 	.db #0xfe	; 254
      0002FD FE                     911 	.db #0xfe	; 254
      0002FE 00                     912 	.db #0x00	; 0
      0002FF 00                     913 	.db #0x00	; 0
      000300                        914 __xinit__helloWorld:
      000300 30                     915 	.db #0x30	; 48	'0'
      000301 18                     916 	.db #0x18	; 24
      000302 15                     917 	.db #0x15	; 21
      000303 1C                     918 	.db #0x1c	; 28
      000304 1C                     919 	.db #0x1c	; 28
      000305 1F                     920 	.db #0x1f	; 31
      000306 30                     921 	.db #0x30	; 48	'0'
      000307 30                     922 	.db #0x30	; 48	'0'
      000308 30                     923 	.db #0x30	; 48	'0'
      000309 30                     924 	.db #0x30	; 48	'0'
      00030A 30                     925 	.db #0x30	; 48	'0'
      00030B 27                     926 	.db #0x27	; 39
      00030C 1F                     927 	.db #0x1f	; 31
      00030D 22                     928 	.db #0x22	; 34
      00030E 1C                     929 	.db #0x1c	; 28
      00030F 14                     930 	.db #0x14	; 20
      000310 30                     931 	.db #0x30	; 48	'0'
      000311 30                     932 	.db #0x30	; 48	'0'
      000312 30                     933 	.db #0x30	; 48	'0'
      000313 30                     934 	.db #0x30	; 48	'0'
      000314                        935 __xinit__blankScreen:
      000314 30                     936 	.db #0x30	; 48	'0'
      000315 30                     937 	.db #0x30	; 48	'0'
      000316 30                     938 	.db #0x30	; 48	'0'
      000317 30                     939 	.db #0x30	; 48	'0'
      000318 30                     940 	.db #0x30	; 48	'0'
      000319 30                     941 	.db #0x30	; 48	'0'
      00031A 30                     942 	.db #0x30	; 48	'0'
      00031B 30                     943 	.db #0x30	; 48	'0'
      00031C 30                     944 	.db #0x30	; 48	'0'
      00031D 30                     945 	.db #0x30	; 48	'0'
      00031E 30                     946 	.db #0x30	; 48	'0'
      00031F 30                     947 	.db #0x30	; 48	'0'
      000320 30                     948 	.db #0x30	; 48	'0'
      000321 30                     949 	.db #0x30	; 48	'0'
      000322 30                     950 	.db #0x30	; 48	'0'
      000323 30                     951 	.db #0x30	; 48	'0'
      000324 30                     952 	.db #0x30	; 48	'0'
      000325 30                     953 	.db #0x30	; 48	'0'
      000326 30                     954 	.db #0x30	; 48	'0'
      000327 30                     955 	.db #0x30	; 48	'0'
      000328 30                     956 	.db #0x30	; 48	'0'
      000329 30                     957 	.db #0x30	; 48	'0'
      00032A 30                     958 	.db #0x30	; 48	'0'
      00032B 30                     959 	.db #0x30	; 48	'0'
      00032C 30                     960 	.db #0x30	; 48	'0'
      00032D 30                     961 	.db #0x30	; 48	'0'
      00032E 30                     962 	.db #0x30	; 48	'0'
      00032F 30                     963 	.db #0x30	; 48	'0'
      000330 30                     964 	.db #0x30	; 48	'0'
      000331 30                     965 	.db #0x30	; 48	'0'
      000332 30                     966 	.db #0x30	; 48	'0'
      000333 30                     967 	.db #0x30	; 48	'0'
      000334 30                     968 	.db #0x30	; 48	'0'
      000335 30                     969 	.db #0x30	; 48	'0'
      000336 30                     970 	.db #0x30	; 48	'0'
      000337 30                     971 	.db #0x30	; 48	'0'
      000338 30                     972 	.db #0x30	; 48	'0'
      000339 30                     973 	.db #0x30	; 48	'0'
      00033A 30                     974 	.db #0x30	; 48	'0'
      00033B 30                     975 	.db #0x30	; 48	'0'
      00033C 30                     976 	.db #0x30	; 48	'0'
      00033D 30                     977 	.db #0x30	; 48	'0'
      00033E 30                     978 	.db #0x30	; 48	'0'
      00033F 30                     979 	.db #0x30	; 48	'0'
      000340 30                     980 	.db #0x30	; 48	'0'
      000341 30                     981 	.db #0x30	; 48	'0'
      000342 30                     982 	.db #0x30	; 48	'0'
      000343 30                     983 	.db #0x30	; 48	'0'
      000344 30                     984 	.db #0x30	; 48	'0'
      000345 30                     985 	.db #0x30	; 48	'0'
      000346 30                     986 	.db #0x30	; 48	'0'
      000347 30                     987 	.db #0x30	; 48	'0'
      000348 30                     988 	.db #0x30	; 48	'0'
      000349 30                     989 	.db #0x30	; 48	'0'
      00034A 30                     990 	.db #0x30	; 48	'0'
      00034B 30                     991 	.db #0x30	; 48	'0'
      00034C 30                     992 	.db #0x30	; 48	'0'
      00034D 30                     993 	.db #0x30	; 48	'0'
      00034E 30                     994 	.db #0x30	; 48	'0'
      00034F 30                     995 	.db #0x30	; 48	'0'
      000350 30                     996 	.db #0x30	; 48	'0'
      000351 30                     997 	.db #0x30	; 48	'0'
      000352 30                     998 	.db #0x30	; 48	'0'
      000353 30                     999 	.db #0x30	; 48	'0'
      000354 30                    1000 	.db #0x30	; 48	'0'
      000355 30                    1001 	.db #0x30	; 48	'0'
      000356 30                    1002 	.db #0x30	; 48	'0'
      000357 30                    1003 	.db #0x30	; 48	'0'
      000358 30                    1004 	.db #0x30	; 48	'0'
      000359 30                    1005 	.db #0x30	; 48	'0'
      00035A 30                    1006 	.db #0x30	; 48	'0'
      00035B 30                    1007 	.db #0x30	; 48	'0'
      00035C 30                    1008 	.db #0x30	; 48	'0'
      00035D 30                    1009 	.db #0x30	; 48	'0'
      00035E 30                    1010 	.db #0x30	; 48	'0'
      00035F 30                    1011 	.db #0x30	; 48	'0'
      000360 30                    1012 	.db #0x30	; 48	'0'
      000361 30                    1013 	.db #0x30	; 48	'0'
      000362 30                    1014 	.db #0x30	; 48	'0'
      000363 30                    1015 	.db #0x30	; 48	'0'
      000364 30                    1016 	.db #0x30	; 48	'0'
      000365 30                    1017 	.db #0x30	; 48	'0'
      000366 30                    1018 	.db #0x30	; 48	'0'
      000367 30                    1019 	.db #0x30	; 48	'0'
      000368 30                    1020 	.db #0x30	; 48	'0'
      000369 30                    1021 	.db #0x30	; 48	'0'
      00036A 30                    1022 	.db #0x30	; 48	'0'
      00036B 30                    1023 	.db #0x30	; 48	'0'
      00036C 30                    1024 	.db #0x30	; 48	'0'
      00036D 30                    1025 	.db #0x30	; 48	'0'
      00036E 30                    1026 	.db #0x30	; 48	'0'
      00036F 30                    1027 	.db #0x30	; 48	'0'
      000370 30                    1028 	.db #0x30	; 48	'0'
      000371 30                    1029 	.db #0x30	; 48	'0'
      000372 30                    1030 	.db #0x30	; 48	'0'
      000373 30                    1031 	.db #0x30	; 48	'0'
      000374 30                    1032 	.db #0x30	; 48	'0'
      000375 30                    1033 	.db #0x30	; 48	'0'
      000376 30                    1034 	.db #0x30	; 48	'0'
      000377 30                    1035 	.db #0x30	; 48	'0'
      000378 30                    1036 	.db #0x30	; 48	'0'
      000379 30                    1037 	.db #0x30	; 48	'0'
      00037A 30                    1038 	.db #0x30	; 48	'0'
      00037B 30                    1039 	.db #0x30	; 48	'0'
      00037C 30                    1040 	.db #0x30	; 48	'0'
      00037D 30                    1041 	.db #0x30	; 48	'0'
      00037E 30                    1042 	.db #0x30	; 48	'0'
      00037F 30                    1043 	.db #0x30	; 48	'0'
      000380 30                    1044 	.db #0x30	; 48	'0'
      000381 30                    1045 	.db #0x30	; 48	'0'
      000382 30                    1046 	.db #0x30	; 48	'0'
      000383 30                    1047 	.db #0x30	; 48	'0'
      000384 30                    1048 	.db #0x30	; 48	'0'
      000385 30                    1049 	.db #0x30	; 48	'0'
      000386 30                    1050 	.db #0x30	; 48	'0'
      000387 30                    1051 	.db #0x30	; 48	'0'
      000388 30                    1052 	.db #0x30	; 48	'0'
      000389 30                    1053 	.db #0x30	; 48	'0'
      00038A 30                    1054 	.db #0x30	; 48	'0'
      00038B 30                    1055 	.db #0x30	; 48	'0'
      00038C 30                    1056 	.db #0x30	; 48	'0'
      00038D 30                    1057 	.db #0x30	; 48	'0'
      00038E 30                    1058 	.db #0x30	; 48	'0'
      00038F 30                    1059 	.db #0x30	; 48	'0'
      000390 30                    1060 	.db #0x30	; 48	'0'
      000391 30                    1061 	.db #0x30	; 48	'0'
      000392 30                    1062 	.db #0x30	; 48	'0'
      000393 30                    1063 	.db #0x30	; 48	'0'
      000394 30                    1064 	.db #0x30	; 48	'0'
      000395 30                    1065 	.db #0x30	; 48	'0'
      000396 30                    1066 	.db #0x30	; 48	'0'
      000397 30                    1067 	.db #0x30	; 48	'0'
      000398 30                    1068 	.db #0x30	; 48	'0'
      000399 30                    1069 	.db #0x30	; 48	'0'
      00039A 30                    1070 	.db #0x30	; 48	'0'
      00039B 30                    1071 	.db #0x30	; 48	'0'
      00039C 30                    1072 	.db #0x30	; 48	'0'
      00039D 30                    1073 	.db #0x30	; 48	'0'
      00039E 30                    1074 	.db #0x30	; 48	'0'
      00039F 30                    1075 	.db #0x30	; 48	'0'
      0003A0 30                    1076 	.db #0x30	; 48	'0'
      0003A1 30                    1077 	.db #0x30	; 48	'0'
      0003A2 30                    1078 	.db #0x30	; 48	'0'
      0003A3 30                    1079 	.db #0x30	; 48	'0'
      0003A4 30                    1080 	.db #0x30	; 48	'0'
      0003A5 30                    1081 	.db #0x30	; 48	'0'
      0003A6 30                    1082 	.db #0x30	; 48	'0'
      0003A7 30                    1083 	.db #0x30	; 48	'0'
      0003A8 30                    1084 	.db #0x30	; 48	'0'
      0003A9 30                    1085 	.db #0x30	; 48	'0'
      0003AA 30                    1086 	.db #0x30	; 48	'0'
      0003AB 30                    1087 	.db #0x30	; 48	'0'
      0003AC 30                    1088 	.db #0x30	; 48	'0'
      0003AD 30                    1089 	.db #0x30	; 48	'0'
      0003AE 30                    1090 	.db #0x30	; 48	'0'
      0003AF 30                    1091 	.db #0x30	; 48	'0'
      0003B0 30                    1092 	.db #0x30	; 48	'0'
      0003B1 30                    1093 	.db #0x30	; 48	'0'
      0003B2 30                    1094 	.db #0x30	; 48	'0'
      0003B3 30                    1095 	.db #0x30	; 48	'0'
      0003B4 30                    1096 	.db #0x30	; 48	'0'
      0003B5 30                    1097 	.db #0x30	; 48	'0'
      0003B6 30                    1098 	.db #0x30	; 48	'0'
      0003B7 30                    1099 	.db #0x30	; 48	'0'
      0003B8 30                    1100 	.db #0x30	; 48	'0'
      0003B9 30                    1101 	.db #0x30	; 48	'0'
      0003BA 30                    1102 	.db #0x30	; 48	'0'
      0003BB 30                    1103 	.db #0x30	; 48	'0'
      0003BC 30                    1104 	.db #0x30	; 48	'0'
      0003BD 30                    1105 	.db #0x30	; 48	'0'
      0003BE 30                    1106 	.db #0x30	; 48	'0'
      0003BF 30                    1107 	.db #0x30	; 48	'0'
      0003C0 30                    1108 	.db #0x30	; 48	'0'
      0003C1 30                    1109 	.db #0x30	; 48	'0'
      0003C2 30                    1110 	.db #0x30	; 48	'0'
      0003C3 30                    1111 	.db #0x30	; 48	'0'
      0003C4 30                    1112 	.db #0x30	; 48	'0'
      0003C5 30                    1113 	.db #0x30	; 48	'0'
      0003C6 30                    1114 	.db #0x30	; 48	'0'
      0003C7 30                    1115 	.db #0x30	; 48	'0'
      0003C8 30                    1116 	.db #0x30	; 48	'0'
      0003C9 30                    1117 	.db #0x30	; 48	'0'
      0003CA 30                    1118 	.db #0x30	; 48	'0'
      0003CB 30                    1119 	.db #0x30	; 48	'0'
      0003CC 30                    1120 	.db #0x30	; 48	'0'
      0003CD 30                    1121 	.db #0x30	; 48	'0'
      0003CE 30                    1122 	.db #0x30	; 48	'0'
      0003CF 30                    1123 	.db #0x30	; 48	'0'
      0003D0 30                    1124 	.db #0x30	; 48	'0'
      0003D1 30                    1125 	.db #0x30	; 48	'0'
      0003D2 30                    1126 	.db #0x30	; 48	'0'
      0003D3 30                    1127 	.db #0x30	; 48	'0'
      0003D4 30                    1128 	.db #0x30	; 48	'0'
      0003D5 30                    1129 	.db #0x30	; 48	'0'
      0003D6 30                    1130 	.db #0x30	; 48	'0'
      0003D7 30                    1131 	.db #0x30	; 48	'0'
      0003D8 30                    1132 	.db #0x30	; 48	'0'
      0003D9 30                    1133 	.db #0x30	; 48	'0'
      0003DA 30                    1134 	.db #0x30	; 48	'0'
      0003DB 30                    1135 	.db #0x30	; 48	'0'
      0003DC 30                    1136 	.db #0x30	; 48	'0'
      0003DD 30                    1137 	.db #0x30	; 48	'0'
      0003DE 30                    1138 	.db #0x30	; 48	'0'
      0003DF 30                    1139 	.db #0x30	; 48	'0'
      0003E0 30                    1140 	.db #0x30	; 48	'0'
      0003E1 30                    1141 	.db #0x30	; 48	'0'
      0003E2 30                    1142 	.db #0x30	; 48	'0'
      0003E3 30                    1143 	.db #0x30	; 48	'0'
      0003E4 30                    1144 	.db #0x30	; 48	'0'
      0003E5 30                    1145 	.db #0x30	; 48	'0'
      0003E6 30                    1146 	.db #0x30	; 48	'0'
      0003E7 30                    1147 	.db #0x30	; 48	'0'
      0003E8 30                    1148 	.db #0x30	; 48	'0'
      0003E9 30                    1149 	.db #0x30	; 48	'0'
      0003EA 30                    1150 	.db #0x30	; 48	'0'
      0003EB 30                    1151 	.db #0x30	; 48	'0'
      0003EC 30                    1152 	.db #0x30	; 48	'0'
      0003ED 30                    1153 	.db #0x30	; 48	'0'
      0003EE 30                    1154 	.db #0x30	; 48	'0'
      0003EF 30                    1155 	.db #0x30	; 48	'0'
      0003F0 30                    1156 	.db #0x30	; 48	'0'
      0003F1 30                    1157 	.db #0x30	; 48	'0'
      0003F2 30                    1158 	.db #0x30	; 48	'0'
      0003F3 30                    1159 	.db #0x30	; 48	'0'
      0003F4 30                    1160 	.db #0x30	; 48	'0'
      0003F5 30                    1161 	.db #0x30	; 48	'0'
      0003F6 30                    1162 	.db #0x30	; 48	'0'
      0003F7 30                    1163 	.db #0x30	; 48	'0'
      0003F8 30                    1164 	.db #0x30	; 48	'0'
      0003F9 30                    1165 	.db #0x30	; 48	'0'
      0003FA 30                    1166 	.db #0x30	; 48	'0'
      0003FB 30                    1167 	.db #0x30	; 48	'0'
      0003FC 30                    1168 	.db #0x30	; 48	'0'
      0003FD 30                    1169 	.db #0x30	; 48	'0'
      0003FE 30                    1170 	.db #0x30	; 48	'0'
      0003FF 30                    1171 	.db #0x30	; 48	'0'
      000400 30                    1172 	.db #0x30	; 48	'0'
      000401 30                    1173 	.db #0x30	; 48	'0'
      000402 30                    1174 	.db #0x30	; 48	'0'
      000403 30                    1175 	.db #0x30	; 48	'0'
      000404 30                    1176 	.db #0x30	; 48	'0'
      000405 30                    1177 	.db #0x30	; 48	'0'
      000406 30                    1178 	.db #0x30	; 48	'0'
      000407 30                    1179 	.db #0x30	; 48	'0'
      000408 30                    1180 	.db #0x30	; 48	'0'
      000409 30                    1181 	.db #0x30	; 48	'0'
      00040A 30                    1182 	.db #0x30	; 48	'0'
      00040B 30                    1183 	.db #0x30	; 48	'0'
      00040C 30                    1184 	.db #0x30	; 48	'0'
      00040D 30                    1185 	.db #0x30	; 48	'0'
      00040E 30                    1186 	.db #0x30	; 48	'0'
      00040F 30                    1187 	.db #0x30	; 48	'0'
      000410 30                    1188 	.db #0x30	; 48	'0'
      000411 30                    1189 	.db #0x30	; 48	'0'
      000412 30                    1190 	.db #0x30	; 48	'0'
      000413 30                    1191 	.db #0x30	; 48	'0'
      000414 30                    1192 	.db #0x30	; 48	'0'
      000415 30                    1193 	.db #0x30	; 48	'0'
      000416 30                    1194 	.db #0x30	; 48	'0'
      000417 30                    1195 	.db #0x30	; 48	'0'
      000418 30                    1196 	.db #0x30	; 48	'0'
      000419 30                    1197 	.db #0x30	; 48	'0'
      00041A 30                    1198 	.db #0x30	; 48	'0'
      00041B 30                    1199 	.db #0x30	; 48	'0'
      00041C 30                    1200 	.db #0x30	; 48	'0'
      00041D 30                    1201 	.db #0x30	; 48	'0'
      00041E 30                    1202 	.db #0x30	; 48	'0'
      00041F 30                    1203 	.db #0x30	; 48	'0'
      000420 30                    1204 	.db #0x30	; 48	'0'
      000421 30                    1205 	.db #0x30	; 48	'0'
      000422 30                    1206 	.db #0x30	; 48	'0'
      000423 30                    1207 	.db #0x30	; 48	'0'
      000424 30                    1208 	.db #0x30	; 48	'0'
      000425 30                    1209 	.db #0x30	; 48	'0'
      000426 30                    1210 	.db #0x30	; 48	'0'
      000427 30                    1211 	.db #0x30	; 48	'0'
      000428 30                    1212 	.db #0x30	; 48	'0'
      000429 30                    1213 	.db #0x30	; 48	'0'
      00042A 30                    1214 	.db #0x30	; 48	'0'
      00042B 30                    1215 	.db #0x30	; 48	'0'
      00042C 30                    1216 	.db #0x30	; 48	'0'
      00042D 30                    1217 	.db #0x30	; 48	'0'
      00042E 30                    1218 	.db #0x30	; 48	'0'
      00042F 30                    1219 	.db #0x30	; 48	'0'
      000430 30                    1220 	.db #0x30	; 48	'0'
      000431 30                    1221 	.db #0x30	; 48	'0'
      000432 30                    1222 	.db #0x30	; 48	'0'
      000433 30                    1223 	.db #0x30	; 48	'0'
      000434 30                    1224 	.db #0x30	; 48	'0'
      000435 30                    1225 	.db #0x30	; 48	'0'
      000436 30                    1226 	.db #0x30	; 48	'0'
      000437 30                    1227 	.db #0x30	; 48	'0'
      000438 30                    1228 	.db #0x30	; 48	'0'
      000439 30                    1229 	.db #0x30	; 48	'0'
      00043A 30                    1230 	.db #0x30	; 48	'0'
      00043B 30                    1231 	.db #0x30	; 48	'0'
      00043C 30                    1232 	.db #0x30	; 48	'0'
      00043D 30                    1233 	.db #0x30	; 48	'0'
      00043E 30                    1234 	.db #0x30	; 48	'0'
      00043F 30                    1235 	.db #0x30	; 48	'0'
      000440 30                    1236 	.db #0x30	; 48	'0'
      000441 30                    1237 	.db #0x30	; 48	'0'
      000442 30                    1238 	.db #0x30	; 48	'0'
      000443 30                    1239 	.db #0x30	; 48	'0'
      000444 30                    1240 	.db #0x30	; 48	'0'
      000445 30                    1241 	.db #0x30	; 48	'0'
      000446 30                    1242 	.db #0x30	; 48	'0'
      000447 30                    1243 	.db #0x30	; 48	'0'
      000448 30                    1244 	.db #0x30	; 48	'0'
      000449 30                    1245 	.db #0x30	; 48	'0'
      00044A 30                    1246 	.db #0x30	; 48	'0'
      00044B 30                    1247 	.db #0x30	; 48	'0'
      00044C 30                    1248 	.db #0x30	; 48	'0'
      00044D 30                    1249 	.db #0x30	; 48	'0'
      00044E 30                    1250 	.db #0x30	; 48	'0'
      00044F 30                    1251 	.db #0x30	; 48	'0'
      000450 30                    1252 	.db #0x30	; 48	'0'
      000451 30                    1253 	.db #0x30	; 48	'0'
      000452 30                    1254 	.db #0x30	; 48	'0'
      000453 30                    1255 	.db #0x30	; 48	'0'
      000454 30                    1256 	.db #0x30	; 48	'0'
      000455 30                    1257 	.db #0x30	; 48	'0'
      000456 30                    1258 	.db #0x30	; 48	'0'
      000457 30                    1259 	.db #0x30	; 48	'0'
      000458 30                    1260 	.db #0x30	; 48	'0'
      000459 30                    1261 	.db #0x30	; 48	'0'
      00045A 30                    1262 	.db #0x30	; 48	'0'
      00045B 30                    1263 	.db #0x30	; 48	'0'
      00045C 30                    1264 	.db #0x30	; 48	'0'
      00045D 30                    1265 	.db #0x30	; 48	'0'
      00045E 30                    1266 	.db #0x30	; 48	'0'
      00045F 30                    1267 	.db #0x30	; 48	'0'
      000460 30                    1268 	.db #0x30	; 48	'0'
      000461 30                    1269 	.db #0x30	; 48	'0'
      000462 30                    1270 	.db #0x30	; 48	'0'
      000463 30                    1271 	.db #0x30	; 48	'0'
      000464 30                    1272 	.db #0x30	; 48	'0'
      000465 30                    1273 	.db #0x30	; 48	'0'
      000466 30                    1274 	.db #0x30	; 48	'0'
      000467 30                    1275 	.db #0x30	; 48	'0'
      000468 30                    1276 	.db #0x30	; 48	'0'
      000469 30                    1277 	.db #0x30	; 48	'0'
      00046A 30                    1278 	.db #0x30	; 48	'0'
      00046B 30                    1279 	.db #0x30	; 48	'0'
      00046C 30                    1280 	.db #0x30	; 48	'0'
      00046D 30                    1281 	.db #0x30	; 48	'0'
      00046E 30                    1282 	.db #0x30	; 48	'0'
      00046F 30                    1283 	.db #0x30	; 48	'0'
      000470 30                    1284 	.db #0x30	; 48	'0'
      000471 30                    1285 	.db #0x30	; 48	'0'
      000472 30                    1286 	.db #0x30	; 48	'0'
      000473 30                    1287 	.db #0x30	; 48	'0'
      000474 30                    1288 	.db #0x30	; 48	'0'
      000475 30                    1289 	.db #0x30	; 48	'0'
      000476 30                    1290 	.db #0x30	; 48	'0'
      000477 30                    1291 	.db #0x30	; 48	'0'
      000478 30                    1292 	.db #0x30	; 48	'0'
      000479 30                    1293 	.db #0x30	; 48	'0'
      00047A 30                    1294 	.db #0x30	; 48	'0'
      00047B 30                    1295 	.db #0x30	; 48	'0'
                                   1296 	.area _CABS (ABS)
